05-11 08:28:30.964 28857 29055 D InputTransport: channel '406e930 com.example.launcher/com.example.launcher.MainActivity' publisher ~ publishKeyEvent: seq=296740, id=-816926852, deviceId=-1, source=KEYBOARD, action=UP, flags=0x48, keyCode=BACK, scanCode=0, metaState=0x0, repeatCount=0,downTime=562823421000000, eventTime=562823501000000
05-11 08:28:30.964 28857 29055 D InputTransport: channel '406e930 com.example.launcher/com.example.launcher.MainActivity' ~ sent message of type KEY, seq=296740
05-11 08:28:30.964 28857 29055 I MIUIInput: [KeyEvent] publisher action:0x1,  keyCode:4 , deviceId=-1, 562823501,channel '406e930 com.example.launcher/com.example.launcher.MainActivity' 
05-11 08:28:30.964  6710  6710 D InputTransport: channel '406e930 com.example.launcher/com.example.launcher.MainActivity' consumer ~ consume: consumeBatches=false, frameTime=-1
05-11 08:28:30.964  6710  6710 D InputTransport: channel '406e930 com.example.launcher/com.example.launcher.MainActivity' ~ received message of type KEY, seq=296740
05-11 08:28:30.964  6710  6710 D InputTransport: channel '406e930 com.example.launcher/com.example.launcher.MainActivity' consumer ~ consumed key event, seq=296740
05-11 08:28:30.966  6710  6710 I MIUIInput: [KeyEvent] ViewRootImpl windowName 'com.example.launcher/com.example.launcher.MainActivity', KeyEvent { action=ACTION_UP, keyCode=KEYCODE_BACK, scanCode=0, metaState=0, flags=0x48, repeatCount=0, eventTime=562823501000000, downTime=562823421000000, deviceId=-1, source=0x101, displayId=0 }, phoneEventTime=08:28:30.953
05-11 08:28:30.967  6710  6710 D InputTransport: channel '406e930 com.example.launcher/com.example.launcher.MainActivity' consumer ~ consume: consumeBatches=false, frameTime=-1
05-11 08:28:30.967  6710  6710 D InputTransport: channel '406e930 com.example.launcher/com.example.launcher.MainActivity' ~ receive message failed, errno=11
05-11 08:28:30.971  6710  6710 D InputTransport: channel '406e930 com.example.launcher/com.example.launcher.MainActivity' consumer ~ sendFinishedSignal: seq=296740, handled=true
05-11 08:28:30.972  6710  6710 D InputTransport: channel '406e930 com.example.launcher/com.example.launcher.MainActivity' ~ sent message of type FINISHED, seq=296740
05-11 08:28:30.974 28857 29055 D InputTransport: channel '406e930 com.example.launcher/com.example.launcher.MainActivity' ~ received message of type FINISHED, seq=296740
05-11 08:28:30.974 28857 29055 D InputTransport: channel '406e930 com.example.launcher/com.example.launcher.MainActivity' publisher ~ receiveConsumerResponse: finished: seq=296740, handled=true
05-11 08:28:30.974 28857 29055 D InputTransport: channel '406e930 com.example.launcher/com.example.launcher.MainActivity' ~ receive message failed, errno=11
05-11 08:28:31.090 28857 29055 D InputTransport: channel '406e930 com.example.launcher/com.example.launcher.MainActivity' publisher ~ publishKeyEvent: seq=296752, id=-718163868, deviceId=-1, source=KEYBOARD, action=DOWN, flags=0x48, keyCode=BACK, scanCode=0, metaState=0x0, repeatCount=0,downTime=562823585000000, eventTime=562823585000000
05-11 08:28:31.091 28857 29055 D InputTransport: channel '406e930 com.example.launcher/com.example.launcher.MainActivity' ~ sent message of type KEY, seq=296752
05-11 08:28:31.091 28857 29055 I MIUIInput: [KeyEvent] publisher action:0x0,  keyCode:4 , deviceId=-1, 562823585,channel '406e930 com.example.launcher/com.example.launcher.MainActivity' 
05-11 08:28:31.091  6710  6710 D InputTransport: channel '406e930 com.example.launcher/com.example.launcher.MainActivity' consumer ~ consume: consumeBatches=false, frameTime=-1
05-11 08:28:31.091  6710  6710 D InputTransport: channel '406e930 com.example.launcher/com.example.launcher.MainActivity' ~ received message of type KEY, seq=296752
05-11 08:28:31.092  6710  6710 D InputTransport: channel '406e930 com.example.launcher/com.example.launcher.MainActivity' consumer ~ consumed key event, seq=296752
05-11 08:28:31.093  6710  6710 I MIUIInput: [KeyEvent] ViewRootImpl windowName 'com.example.launcher/com.example.launcher.MainActivity', KeyEvent { action=ACTION_DOWN, keyCode=KEYCODE_BACK, scanCode=0, metaState=0, flags=0x48, repeatCount=0, eventTime=562823585000000, downTime=562823585000000, deviceId=-1, source=0x101, displayId=0 }, phoneEventTime=08:28:31.037
05-11 08:28:31.094  6710  6710 D InputTransport: channel '406e930 com.example.launcher/com.example.launcher.MainActivity' consumer ~ consume: consumeBatches=false, frameTime=-1
05-11 08:28:31.094  6710  6710 D InputTransport: channel '406e930 com.example.launcher/com.example.launcher.MainActivity' ~ receive message failed, errno=11
05-11 08:28:31.095  6710  6710 D InputTransport: channel '406e930 com.example.launcher/com.example.launcher.MainActivity' consumer ~ sendFinishedSignal: seq=296752, handled=true
05-11 08:28:31.095  6710  6710 D InputTransport: channel '406e930 com.example.launcher/com.example.launcher.MainActivity' ~ sent message of type FINISHED, seq=296752
05-11 08:28:31.096 28857 29055 D InputTransport: channel '406e930 com.example.launcher/com.example.launcher.MainActivity' ~ received message of type FINISHED, seq=296752
05-11 08:28:31.096 28857 29055 D InputTransport: channel '406e930 com.example.launcher/com.example.launcher.MainActivity' publisher ~ receiveConsumerResponse: finished: seq=296752, handled=true
05-11 08:28:31.096 28857 29055 D InputTransport: channel '406e930 com.example.launcher/com.example.launcher.MainActivity' ~ receive message failed, errno=11
05-11 08:28:31.096 28857 29055 D InputTransport: channel '406e930 com.example.launcher/com.example.launcher.MainActivity' publisher ~ publishKeyEvent: seq=296754, id=-434375757, deviceId=-1, source=KEYBOARD, action=UP, flags=0x48, keyCode=BACK, scanCode=0, metaState=0x0, repeatCount=0,downTime=562823585000000, eventTime=562823634000000
05-11 08:28:31.096 28857 29055 D InputTransport: channel '406e930 com.example.launcher/com.example.launcher.MainActivity' ~ sent message of type KEY, seq=296754
05-11 08:28:31.096 28857 29055 I MIUIInput: [KeyEvent] publisher action:0x1,  keyCode:4 , deviceId=-1, 562823634,channel '406e930 com.example.launcher/com.example.launcher.MainActivity' 
05-11 08:28:31.096  6710  6710 D InputTransport: channel '406e930 com.example.launcher/com.example.launcher.MainActivity' consumer ~ consume: consumeBatches=false, frameTime=-1
05-11 08:28:31.096  6710  6710 D InputTransport: channel '406e930 com.example.launcher/com.example.launcher.MainActivity' ~ received message of type KEY, seq=296754
05-11 08:28:31.096  6710  6710 D InputTransport: channel '406e930 com.example.launcher/com.example.launcher.MainActivity' consumer ~ consumed key event, seq=296754
05-11 08:28:31.098  6710  6710 I MIUIInput: [KeyEvent] ViewRootImpl windowName 'com.example.launcher/com.example.launcher.MainActivity', KeyEvent { action=ACTION_UP, keyCode=KEYCODE_BACK, scanCode=0, metaState=0, flags=0x48, repeatCount=0, eventTime=562823634000000, downTime=562823585000000, deviceId=-1, source=0x101, displayId=0 }, phoneEventTime=08:28:31.086
05-11 08:28:31.099  6710  6710 D InputTransport: channel '406e930 com.example.launcher/com.example.launcher.MainActivity' consumer ~ consume: consumeBatches=false, frameTime=-1
05-11 08:28:31.099  6710  6710 D InputTransport: channel '406e930 com.example.launcher/com.example.launcher.MainActivity' ~ receive message failed, errno=11
05-11 08:28:31.103  6710  6710 D InputTransport: channel '406e930 com.example.launcher/com.example.launcher.MainActivity' consumer ~ sendFinishedSignal: seq=296754, handled=true
05-11 08:28:31.103  6710  6710 D InputTransport: channel '406e930 com.example.launcher/com.example.launcher.MainActivity' ~ sent message of type FINISHED, seq=296754
05-11 08:28:31.105 28857 29055 D InputTransport: channel '406e930 com.example.launcher/com.example.launcher.MainActivity' ~ received message of type FINISHED, seq=296754
05-11 08:28:31.105 28857 29055 D InputTransport: channel '406e930 com.example.launcher/com.example.launcher.MainActivity' publisher ~ receiveConsumerResponse: finished: seq=296754, handled=true
05-11 08:28:31.105 28857 29055 D InputTransport: channel '406e930 com.example.launcher/com.example.launcher.MainActivity' ~ receive message failed, errno=11
05-11 08:28:31.342 28857 29055 D InputTransport: channel '406e930 com.example.launcher/com.example.launcher.MainActivity' publisher ~ publishKeyEvent: seq=296781, id=-743432024, deviceId=-1, source=KEYBOARD, action=DOWN, flags=0x48, keyCode=BACK, scanCode=0, metaState=0x0, repeatCount=0,downTime=562823803000000, eventTime=562823803000000
05-11 08:28:31.342 28857 29055 D InputTransport: channel '406e930 com.example.launcher/com.example.launcher.MainActivity' ~ sent message of type KEY, seq=296781
05-11 08:28:31.342  6710  6710 D InputTransport: channel '406e930 com.example.launcher/com.example.launcher.MainActivity' consumer ~ consume: consumeBatches=false, frameTime=-1
05-11 08:28:31.342 28857 29055 I MIUIInput: [KeyEvent] publisher action:0x0,  keyCode:4 , deviceId=-1, 562823803,channel '406e930 com.example.launcher/com.example.launcher.MainActivity' 
05-11 08:28:31.342  6710  6710 D InputTransport: channel '406e930 com.example.launcher/com.example.launcher.MainActivity' ~ received message of type KEY, seq=296781
05-11 08:28:31.342  6710  6710 D InputTransport: channel '406e930 com.example.launcher/com.example.launcher.MainActivity' consumer ~ consumed key event, seq=296781
05-11 08:28:31.344  6710  6710 I MIUIInput: [KeyEvent] ViewRootImpl windowName 'com.example.launcher/com.example.launcher.MainActivity', KeyEvent { action=ACTION_DOWN, keyCode=KEYCODE_BACK, scanCode=0, metaState=0, flags=0x48, repeatCount=0, eventTime=562823803000000, downTime=562823803000000, deviceId=-1, source=0x101, displayId=0 }, phoneEventTime=08:28:31.255
05-11 08:28:31.345  6710  6710 D InputTransport: channel '406e930 com.example.launcher/com.example.launcher.MainActivity' consumer ~ consume: consumeBatches=false, frameTime=-1
05-11 08:28:31.345  6710  6710 D InputTransport: channel '406e930 com.example.launcher/com.example.launcher.MainActivity' ~ receive message failed, errno=11
05-11 08:28:31.346  6710  6710 D InputTransport: channel '406e930 com.example.launcher/com.example.launcher.MainActivity' consumer ~ sendFinishedSignal: seq=296781, handled=true
05-11 08:28:31.346  6710  6710 D InputTransport: channel '406e930 com.example.launcher/com.example.launcher.MainActivity' ~ sent message of type FINISHED, seq=296781
05-11 08:28:31.347 28857 29055 D InputTransport: channel '406e930 com.example.launcher/com.example.launcher.MainActivity' ~ received message of type FINISHED, seq=296781
05-11 08:28:31.347 28857 29055 D InputTransport: channel '406e930 com.example.launcher/com.example.launcher.MainActivity' publisher ~ receiveConsumerResponse: finished: seq=296781, handled=true
05-11 08:28:31.347 28857 29055 D InputTransport: channel '406e930 com.example.launcher/com.example.launcher.MainActivity' ~ receive message failed, errno=11
05-11 08:28:31.347 28857 29055 D InputTransport: channel '406e930 com.example.launcher/com.example.launcher.MainActivity' publisher ~ publishKeyEvent: seq=296783, id=-804030712, deviceId=-1, source=KEYBOARD, action=UP, flags=0x48, keyCode=BACK, scanCode=0, metaState=0x0, repeatCount=0,downTime=562823803000000, eventTime=562823885000000
05-11 08:28:31.347 28857 29055 D InputTransport: channel '406e930 com.example.launcher/com.example.launcher.MainActivity' ~ sent message of type KEY, seq=296783
05-11 08:28:31.347 28857 29055 I MIUIInput: [KeyEvent] publisher action:0x1,  keyCode:4 , deviceId=-1, 562823885,channel '406e930 com.example.launcher/com.example.launcher.MainActivity' 
05-11 08:28:31.347  6710  6710 D InputTransport: channel '406e930 com.example.launcher/com.example.launcher.MainActivity' consumer ~ consume: consumeBatches=false, frameTime=-1
05-11 08:28:31.347  6710  6710 D InputTransport: channel '406e930 com.example.launcher/com.example.launcher.MainActivity' ~ received message of type KEY, seq=296783
05-11 08:28:31.347  6710  6710 D InputTransport: channel '406e930 com.example.launcher/com.example.launcher.MainActivity' consumer ~ consumed key event, seq=296783
05-11 08:28:31.349  6710  6710 I MIUIInput: [KeyEvent] ViewRootImpl windowName 'com.example.launcher/com.example.launcher.MainActivity', KeyEvent { action=ACTION_UP, keyCode=KEYCODE_BACK, scanCode=0, metaState=0, flags=0x48, repeatCount=0, eventTime=562823885000000, downTime=562823803000000, deviceId=-1, source=0x101, displayId=0 }, phoneEventTime=08:28:31.337
05-11 08:28:31.350  6710  6710 D InputTransport: channel '406e930 com.example.launcher/com.example.launcher.MainActivity' consumer ~ consume: consumeBatches=false, frameTime=-1
05-11 08:28:31.350  6710  6710 D InputTransport: channel '406e930 com.example.launcher/com.example.launcher.MainActivity' ~ receive message failed, errno=11
05-11 08:28:31.357  6710  6710 D InputTransport: channel '406e930 com.example.launcher/com.example.launcher.MainActivity' consumer ~ sendFinishedSignal: seq=296783, handled=true
05-11 08:28:31.357  6710  6710 D InputTransport: channel '406e930 com.example.launcher/com.example.launcher.MainActivity' ~ sent message of type FINISHED, seq=296783
05-11 08:28:31.357 28857 29055 D InputTransport: channel '406e930 com.example.launcher/com.example.launcher.MainActivity' ~ received message of type FINISHED, seq=296783
05-11 08:28:31.357 28857 29055 D InputTransport: channel '406e930 com.example.launcher/com.example.launcher.MainActivity' publisher ~ receiveConsumerResponse: finished: seq=296783, handled=true
05-11 08:28:31.357 28857 29055 D InputTransport: channel '406e930 com.example.launcher/com.example.launcher.MainActivity' ~ receive message failed, errno=11
05-11 08:28:31.604  1020  1020 I BufferQueueProducer: [com.example.launcher/com.example.launcher.MainActivity#169915](this:0xb4000071e8eab6a0,id:-1,api:0,p:-1,c:1020) queueBuffer: fps=0.98 dur=1016.29 max=1016.29 min=1016.29
05-11 08:28:32.549 29751 30050 W RecentsModel: getRunningTask   taskInfo=TaskInfo{userId=0 taskId=1000048 effectiveUid=10514 displayId=0 isRunning=true baseIntent=Intent { act=android.intent.action.MAIN cat=[android.intent.category.HOME] flg=0x10000000 cmp=com.example.launcher/.MainActivity } baseActivity=ComponentInfo{com.example.launcher/com.example.launcher.MainActivity} topActivity=ComponentInfo{com.example.launcher/com.example.launcher.MainActivity} origActivity=null realActivity=ComponentInfo{com.example.launcher/com.example.launcher.MainActivity} numActivities=1 lastActiveTime=780230638 supportsSplitScreenMultiWindow=true mSoScDisplayMode=-1 supportsMultiWindow=true resizeMode=0 isResizeable=false minWidth=-1 minHeight=-1 defaultMinSize=200 token=WCT{android.window.IWindowContainerToken$Stub$Proxy@b465593} topActivityType=2 pictureInPictureParams=null shouldDockBigOverlays=false launchIntoPipHostTaskId=-1 lastParentTaskIdBeforePip=-1 displayCutoutSafeInsets=Rect(0, 0 - 0, 0) topActivityInfo=ActivityInfo{db769d0 com.example.launcher.MainActivity} launchCookies=[] positionInParent=Point(0, 0) parentTaskId=-1 isFocused=true isVisible=true isVisibleRequested=true isTopActivityNoDisplay=false isSleeping=false locusId=null displayAreaFeatureId=1 isTopActivityTransparent=false isActivityStackTransparent=false lastNonFullscreenBounds=Rect(189, 465 - 531, 1185) capturedLink=null capturedLinkTimestamp=0 requestedVisibleTypes=-9 topActivityRequestOpenInBrowserEducationTimestamp=0 appCompatTaskInfo=AppCompatTaskInfo { topActivityInSizeCompat=false eligibleForLetterboxEducation= false topActivityInMiuiSizeCompat=false isLetterboxEducationEnabled= false isLetterboxDoubleTapEnabled= false eligibleForUserAspectRatioButton= false topActivityBoundsLetterboxed= false isFromLetterboxDoubleTap= false topActivityLetterboxVerticalPosition= -1 topActivityLetterboxHorizontalPosition= -1 topActivityLetterboxWidth=-1 topActivityLetterboxHeight=-1 topActivityAppBounds=Rect(0, 68 - 720, 1583) isUserFullscreenOverrideEnabled=false isSystemFullscreenOverrideEnabled=false hasMinAspectRatioOverride=false topActivityLetterboxBounds=null cameraCompatTaskInfo=CameraCompatTaskInfo { freeformCameraCompatMode=inactive}} isImmersive=false mTopActivityRequestOrientation=-1 mStatusBarParent=null mNavBarParent=null mBehindAppLockPkg=null mOriginatingUid=0 isEmbedded=false shouldBeVisible=true isCreatedByOrganizer=false mIsCastMode=false mTopActivityMediaSize=null mTopActivityRecordName=ActivityRecord{128163507 u0 com.example.launcher/.MainActivity t1000048} mTopActivityOrientation=-1 topActivityMainWindowFrame=null}
05-11 08:28:32.633  1020  1020 I BufferQueueProducer: [com.example.launcher/com.example.launcher.MainActivity#169915](this:0xb4000071e8eab6a0,id:-1,api:0,p:-1,c:1020) queueBuffer: fps=1.94 dur=1029.74 max=580.57 min=449.17
05-11 08:28:32.798 28857 31571 I PowerHalWrapper: amsBoostNotify pid:6710,activity:com.example.launcher.MainActivity, package:com.example.launcher, mProcessCreatePackcom.google.android.permissioncontroller 
05-11 08:28:32.799 28857 31571 I ScnModule: [GameDetection] requestedPermissions1/1:: com.example.launcher:: [android.permission.QUERY_ALL_PACKAGES, android.permission.BIND_APPWIDGET, android.permission.READ_EXTERNAL_STORAGE, android.permission.READ_MEDIA_IMAGES, android.permission.READ_MEDIA_AUDIO, android.permission.SET_WALLPAPER, android.permission.RECORD_AUDIO, android.permission.ACCESS_FINE_LOCATION, android.permission.ACCESS_COARSE_LOCATION, android.permission.INTERNET, android.permission.READ_CALENDAR, android.permission.READ_CONTACTS, com.termux.permission.RUN_COMMAND, android.permission.USE_BIOMETRIC, android.permission.USE_FINGERPRINT, android.permission.ACCESS_NETWORK_STATE, com.example.launcher.DYNAMIC_RECEIVER_NOT_EXPORTED_PERMISSION, android.permission.READ_MEDIA_VISUAL_USER_SELECTED] 
05-11 08:28:32.799 28857 31571 I ScnModule: [GameDetection] numOfPermissiom:: com.example.launcher:: 18 
05-11 08:28:32.800 28857 31571 I ScnModule: [GameDetection] inputPermissions:: com.example.launcher:: [0.0, 0.0, 0.0, 1.0, 0.0, 0.0, 0.0, 1.0, 0.0, 0.0, 1.0, 0.0, 0.0, 0.0, 1.0, 0.0, 0.0, 1.0, 0.0, 0.0, 0.0, 0.0, 0.0, 0.0, 1.0, 1.0, 0.0, 0.0, 0.0, 0.0, 1.0, 0.0, 0.0, 0.0, 1.0, 0.0, 0.0, 0.0, 0.0, 0.0, 0.0, 0.0, 1.0, 1.0, 0.0, 0.0, 0.0, 0.0, 0.0, 0.0, 0.0, 0.0, 0.0, 1.0, 0.0, 0.0, 1.0, 0.0, 0.0, 0.0, 0.0, 0.0, 0.0, 0.0, 0.0, 0.0, 1.0, 0.0, 0.0, 0.0, 0.0, 0.0, 0.0, 0.0, 0.0, 0.0, 0.0, 0.0, 0.0, 0.0, 0.0, 0.0, 0.0, 0.0, 0.0, 0.0, 0.0, 0.0, 0.0, 0.0, 0.0, 0.0, 0.0, 0.0, 0.0, 0.0, 0.0, 0.0, 0.0, 0.0, 0.0, 0.0, 0.0, 0.0, 0.0, 0.0, 0.0, 0.0, 0.0, 0.0, 0.0, 0.0, 0.0, 0.0, 0.0, 0.0, 0.0, 0.0, 0.0, 0.0, 0.0, 0.0, 0.0, 0.0, 0.0, 0.0, 0.0, 0.0, 0.0, 0.0, 0.0, 0.0, 0.0, 0.0, 0.0, 0.0, 0.0, 0.0, 0.0, 0.0, 0.0, 0.0, 0.0, 0.0, 0.0, 0.0, 0.0, 0.0, 0.0, 0.0, 0.0, 0.0, 0.0, 0.0, 0.0, 0.0, 0.0, 0.0, 0.0, 0.0, 0.0, 0.0, 0.0, 0.0, 0.0, 0.0, 0.0, 0.0, 0.0, 0.0, 0.0, 0.0, 0.0, 0.0, 0.0, 0.0, 0.0, 0.0, 0.0, 0.0, 0.0, 0.0, 0.0, 0.0, 0.0, 0.0, 0.0, 0.0, 0.0, 0.0, 0.0, 0.0, 0.0, 0.0, 0.0, 0.0, 0.0, 0.0, 0.0, 0.0] 
05-11 08:28:32.800 28857 31571 I ScnModule: [GameDetection] inputGameFeature:: com.example.launcher:: [-1.0774993, 0.0, 0.0, 0.0] 
05-11 08:28:32.800 28857 31571 I ScnModule: [GameDetection] GamePredictor:: com.example.launcher:: nonGame:57.9452,isGame:-60.6491 
05-11 08:28:32.800 28857 31571 I mtkpower_client: [PowerHal_Wrap_notifyAppState] com.example.launcher/com.example.launcher.MainActivity pid=6710 activityId:128163507 state:0
05-11 08:28:32.800   967   967 I vendor.mediatek.hardware.mtkpower_applist-service.mediatek: packName: com.example.launcher actName: com.example.launcher.MainActivity pid: 6710 activityId: 128163507 uid: 10514 state: 0
05-11 08:28:32.800   967   967 I MTK_APPList: [notifyAPPstate] com.example.launcher/com.example.launcher.MainActivity, pid=6710, activityId=128163507, uid=10514, state:PAUSED, fps:-1, win:1
05-11 08:28:32.806 28857 31571 D WindowManager: Collecting in transition 209: ActivityRecord{128163507 u0 com.example.launcher/.MainActivity t1000048} init visibleRequested:true dc:Display{#0 state=ON size=720x1640 ROTATION_0}
05-11 08:28:32.814 28857 31571 I PowerHalWrapper: <amsBoostResume> last:com.example.launcher, next:com.miui.homehasATProcess:false 
05-11 08:28:32.832 28857 31571 D BarFollowAnimation: isAppTaskBarOnTop win:Window{406e930 u0 com.example.launcher/com.example.launcher.MainActivity} (mCurrentTopTask:Task{90311df #1000047 type=standard A=10514:com.example.launcher} : false); (mAssociatedTask:Task{90311df #1000047 type=standard A=10514:com.example.launcher} : false); (mHomeTask:Task{49954d6 #1 type=home} : false); mReparentToOriginParent:false mLastAppBarVisible:false mLastHomeBarVisible:true
05-11 08:28:32.839 28857 31571 D WindowManager: Wallpaper target=Window{406e930 u0 com.example.launcher/com.example.launcher.MainActivity} prev=null
05-11 08:28:32.841 28857 31571 D BarFollowAnimation: pairAppearanceRegionAndWin win=Window{406e930 u0 com.example.launcher/com.example.launcher.MainActivity} 0
05-11 08:28:32.842 28857 31571 D BarFollowAnimation: isAppTaskBarOnTop win:Window{406e930 u0 com.example.launcher/com.example.launcher.MainActivity} (mCurrentTopTask:Task{90311df #1000047 type=standard A=10514:com.example.launcher} : false); (mAssociatedTask:Task{90311df #1000047 type=standard A=10514:com.example.launcher} : false); (mHomeTask:Task{49954d6 #1 type=home} : false); mReparentToOriginParent:false mLastAppBarVisible:false mLastHomeBarVisible:true
05-11 08:28:32.849 28857 31830 D WindowManager:    ChangeInfo{f4f5738 container=Task{62f730f #1000048 type=home A=10514:com.example.launcher nonResizable} flags=0x0}
05-11 08:28:32.849 28857 31830 D WindowManager:    ChangeInfo{eab6311 container=ActivityRecord{128163507 u0 com.example.launcher/.MainActivity t1000048} flags=0x0}
05-11 08:28:32.850 29738 29843 D MiuiDecorationHomeController: relayout::taskId=1, userId=0, visible=true, bounds=Rect(0, 0 - 720, 1640), focused=false, activityType=2, displayId=0, baseActivity=ComponentInfo{com.miui.home/com.miui.home.launcher.Launcher}, topActivity=ComponentInfo{com.example.launcher/com.example.launcher.MainActivity}, callers=com.android.wm.shell.multitasking.miuimultiwinswitch.miuiwindowdecor.decoration.MiuiDecorationController.relayout:4 com.android.wm.shell.multitasking.miuimultiwinswitch.miuiwindowdecor.MulWinSwitchDecorViewModel.onTaskInfoChanged:18 com.android.wm.shell.multitasking.common.taskmanager.MultiTaskingTaskListener.onTaskInfoChanged:47 com.android.wm.shell.ShellTaskOrganizer.onTaskInfoChanged:136 android.window.TaskOrganizer$1.lambda$onTaskInfoChanged$6:300 
05-11 08:28:32.875   967   967 I MTK_APPList: [notifyAPPstate] pc:0, com.example.launcher => com.miui.home
05-11 08:28:32.876 28857 28887 D BarFollowAnimation: pairAppearanceRegionAndWin win=Window{406e930 u0 com.example.launcher/com.example.launcher.MainActivity} 0
05-11 08:28:32.878 28857 28887 D BarFollowAnimation: isAppTaskBarOnTop win:Window{406e930 u0 com.example.launcher/com.example.launcher.MainActivity} (mCurrentTopTask:Task{90311df #1000047 type=standard A=10514:com.example.launcher} : false); (mAssociatedTask:Task{90311df #1000047 type=standard A=10514:com.example.launcher} : false); (mHomeTask:Task{49954d6 #1 type=home} : false); mReparentToOriginParent:false mLastAppBarVisible:false mLastHomeBarVisible:true
05-11 08:28:32.886  3345  3780 D PerfEngineController: ForegroundInfo{mForegroundPackageName='com.miui.home', mForegroundUid=10151, mForegroundPid=29751, mForegroundDisplayId=0, mLastForegroundPackageName='com.example.launcher', mLastForegroundUid=10514, mLastForegroundPid=6710, mLastForegroundDisplayId=0, mMultiWindowForegroundPackageName='com.miui.home', mMultiWindowForegroundUid=10151, mFlags=0}
05-11 08:28:32.897 28857 28886 D SchedBoost: com.example.launcher boosting, skip reset priority
05-11 08:28:32.898 32677  8587 I ProcessMonitor: onForegroundInfoChanged: ForegroundInfo{mForegroundPackageName='com.miui.home', mForegroundUid=10151, mForegroundPid=29751, mForegroundDisplayId=0, mLastForegroundPackageName='com.example.launcher', mLastForegroundUid=10514, mLastForegroundPid=6710, mLastForegroundDisplayId=0, mMultiWindowForegroundPackageName='com.miui.home', mMultiWindowForegroundUid=10151, mFlags=0}
05-11 08:28:32.899 32677  8587 I GameBoosterService: onForegroundInfoChanged: Cur=com.miui.home	 last=com.example.launcher
05-11 08:28:32.900 32677  8587 D GameBoosterService: onGameStatusChange foreground:ForegroundInfo{mForegroundPackageName='com.miui.home', mForegroundUid=10151, mForegroundPid=29751, mForegroundDisplayId=0, mLastForegroundPackageName='com.example.launcher', mLastForegroundUid=10514, mLastForegroundPid=6710, mLastForegroundDisplayId=0, mMultiWindowForegroundPackageName='com.miui.home', mMultiWindowForegroundUid=10151, mFlags=0}
05-11 08:28:32.904 29751 30408 E ActivityManagerWrapper:  mainTaskId=1000047   userId=0   windowMode=1   isExcludedFromRecents=false   baseIntent=Intent { act=android.intent.action.MAIN flag=270532608 cmp=ComponentInfo{com.example.launcher/com.example.launcher.MainActivity} }
05-11 08:28:32.905 28857 28887 D BarFollowAnimation: pairAppearanceRegionAndWin win=Window{406e930 u0 com.example.launcher/com.example.launcher.MainActivity} 0
05-11 08:28:32.905 29751 30408 D RecentsTaskLoader: reloadTasksData [TaskKey{id=1000047, stackId=0, baseIntent=Intent { act=android.intent.action.MAIN cat=[android.intent.category.LAUNCHER] flg=0x10200000 cmp=com.example.launcher/.MainActivity }, userId=0, lastActiveTime=780223187, windowingMode=1, isThumbnailBlur=false, isAccessLocked=false, isScreening=false, topActivity=ComponentInfo{com.google.android.permissioncontroller/com.android.permissioncontroller.role.ui.DefaultAppActivity}, mHashCode=-271447343}, title=V-launcher, titleDescription=V-launcher, bounds=null, isLaunchTarget=true, isStackTask=true, isSystemApp=false, isDockable=true, baseActivity=ComponentInfo{com.example.launcher/com.example.launcher.MainActivity}, isLocked=false, mNeedHide=false, hasMultipleTasks=false, cti1Key=, cti2Key=, cti1Task=, cti2Task=] 
05-11 08:28:32.906 28857 28887 D BarFollowAnimation: isAppTaskBarOnTop win:Window{406e930 u0 com.example.launcher/com.example.launcher.MainActivity} (mCurrentTopTask:Task{90311df #1000047 type=standard A=10514:com.example.launcher} : false); (mAssociatedTask:Task{90311df #1000047 type=standard A=10514:com.example.launcher} : false); (mHomeTask:Task{49954d6 #1 type=home} : false); mReparentToOriginParent:false mLastAppBarVisible:false mLastHomeBarVisible:true
05-11 08:28:32.906 28857 29055 D InputTransport: channel '406e930 com.example.launcher/com.example.launcher.MainActivity' publisher ~ publishFocusEvent: seq=296795, id=1739975009, hasFocus=false
05-11 08:28:32.906 28857 29055 D InputTransport: channel '406e930 com.example.launcher/com.example.launcher.MainActivity' ~ sent message of type FOCUS, seq=296795
05-11 08:28:32.906  6710  6710 D InputTransport: channel '406e930 com.example.launcher/com.example.launcher.MainActivity' consumer ~ consume: consumeBatches=false, frameTime=-1
05-11 08:28:32.907  6710  6710 D InputTransport: channel '406e930 com.example.launcher/com.example.launcher.MainActivity' ~ received message of type FOCUS, seq=296795
05-11 08:28:32.907  6710  6710 D InputTransport: channel '406e930 com.example.launcher/com.example.launcher.MainActivity' consumer ~ sendFinishedSignal: seq=296795, handled=true
05-11 08:28:32.907  6710  6710 D InputTransport: channel '406e930 com.example.launcher/com.example.launcher.MainActivity' ~ sent message of type FINISHED, seq=296795
05-11 08:28:32.907  6710  6710 D InputTransport: channel '406e930 com.example.launcher/com.example.launcher.MainActivity' consumer ~ consume: consumeBatches=false, frameTime=-1
05-11 08:28:32.907  6710  6710 D InputTransport: channel '406e930 com.example.launcher/com.example.launcher.MainActivity' ~ receive message failed, errno=11
05-11 08:28:32.910 28857 29055 D InputTransport: channel '406e930 com.example.launcher/com.example.launcher.MainActivity' ~ received message of type FINISHED, seq=296795
05-11 08:28:32.910 28857 29055 D InputTransport: channel '406e930 com.example.launcher/com.example.launcher.MainActivity' publisher ~ receiveConsumerResponse: finished: seq=296795, handled=true
05-11 08:28:32.910 28857 29055 D InputTransport: channel '406e930 com.example.launcher/com.example.launcher.MainActivity' ~ receive message failed, errno=11
05-11 08:28:32.912 29738 29738 D DynamicIslandSafeguardsController: cancelDelayExitApp com.miui.home com.example.launcher
05-11 08:28:32.938 29751 29751 D TaskView: TaskView bind task, task=[TaskKey{id=1000047, stackId=0, baseIntent=Intent { act=android.intent.action.MAIN cat=[android.intent.category.LAUNCHER] flg=0x10200000 cmp=com.example.launcher/.MainActivity }, userId=0, lastActiveTime=780223187, windowingMode=1, isThumbnailBlur=false, isAccessLocked=false, isScreening=false, topActivity=ComponentInfo{com.google.android.permissioncontroller/com.android.permissioncontroller.role.ui.DefaultAppActivity}, mHashCode=-271447343}, title=V-launcher, titleDescription=V-launcher, bounds=null, isLaunchTarget=true, isStackTask=true, isSystemApp=false, isDockable=true, baseActivity=ComponentInfo{com.example.launcher/com.example.launcher.MainActivity}, isLocked=false, mNeedHide=false, hasMultipleTasks=false, cti1Key=, cti2Key=, cti1Task=, cti2Task=] , isLock=false, is9_1Task= false
05-11 08:28:32.939 29751 29751 D TaskViewThumbnail: setThumbnail, t=[TaskKey{id=1000047, stackId=0, baseIntent=Intent { act=android.intent.action.MAIN cat=[android.intent.category.LAUNCHER] flg=0x10200000 cmp=com.example.launcher/.MainActivity }, userId=0, lastActiveTime=780223187, windowingMode=1, isThumbnailBlur=false, isAccessLocked=false, isScreening=false, topActivity=ComponentInfo{com.google.android.permissioncontroller/com.android.permissioncontroller.role.ui.DefaultAppActivity}, mHashCode=-271447343}, title=V-launcher, titleDescription=V-launcher, bounds=null, isLaunchTarget=true, isStackTask=true, isSystemApp=false, isDockable=true, baseActivity=ComponentInfo{com.example.launcher/com.example.launcher.MainActivity}, isLocked=false, mNeedHide=false, hasMultipleTasks=false, cti1Key=, cti2Key=, cti1Task=, cti2Task=] , mThumbnailInfo=TaskThumbnailInfo{isSnapshotInvalidate=false}, mThumbnailBitmapRect=Rect(0, 0 - 432, 949)
05-11 08:28:32.939 29751 29751 D TaskViewThumbnail: updateThumbnailScale, t=[TaskKey{id=1000047, stackId=0, baseIntent=Intent { act=android.intent.action.MAIN cat=[android.intent.category.LAUNCHER] flg=0x10200000 cmp=com.example.launcher/.MainActivity }, userId=0, lastActiveTime=780223187, windowingMode=1, isThumbnailBlur=false, isAccessLocked=false, isScreening=false, topActivity=ComponentInfo{com.google.android.permissioncontroller/com.android.permissioncontroller.role.ui.DefaultAppActivity}, mHashCode=-271447343}, title=V-launcher, titleDescription=V-launcher, bounds=null, isLaunchTarget=true, isStackTask=true, isSystemApp=false, isDockable=true, baseActivity=ComponentInfo{com.example.launcher/com.example.launcher.MainActivity}, isLocked=false, mNeedHide=false, hasMultipleTasks=false, cti1Key=, cti2Key=, cti1Task=, cti2Task=] , mThumbnailBitmapSizeAfterScaled=(392.53278, 862.3)
05-11 08:28:32.940 29751 29751 D TaskViewThumbnail: updateThumbnailScale, t=[TaskKey{id=1000047, stackId=0, baseIntent=Intent { act=android.intent.action.MAIN cat=[android.intent.category.LAUNCHER] flg=0x10200000 cmp=com.example.launcher/.MainActivity }, userId=0, lastActiveTime=780223187, windowingMode=1, isThumbnailBlur=false, isAccessLocked=false, isScreening=false, topActivity=ComponentInfo{com.google.android.permissioncontroller/com.android.permissioncontroller.role.ui.DefaultAppActivity}, mHashCode=-271447343}, title=V-launcher, titleDescription=V-launcher, bounds=null, isLaunchTarget=true, isStackTask=true, isSystemApp=false, isDockable=true, baseActivity=ComponentInfo{com.example.launcher/com.example.launcher.MainActivity}, isLocked=false, mNeedHide=false, hasMultipleTasks=false, cti1Key=, cti2Key=, cti1Task=, cti2Task=] , mThumbnailBitmapSizeAfterScaled=(392.07755, 861.3)
05-11 08:28:32.941 29751 29751 D TaskView: TaskView bind task, task=[TaskKey{id=1000047, stackId=0, baseIntent=Intent { act=android.intent.action.MAIN cat=[android.intent.category.LAUNCHER] flg=0x10200000 cmp=com.example.launcher/.MainActivity }, userId=0, lastActiveTime=780223187, windowingMode=1, isThumbnailBlur=false, isAccessLocked=false, isScreening=false, topActivity=ComponentInfo{com.google.android.permissioncontroller/com.android.permissioncontroller.role.ui.DefaultAppActivity}, mHashCode=-271447343}, title=V-launcher, titleDescription=V-launcher, bounds=null, isLaunchTarget=true, isStackTask=true, isSystemApp=false, isDockable=true, baseActivity=ComponentInfo{com.example.launcher/com.example.launcher.MainActivity}, isLocked=false, mNeedHide=false, hasMultipleTasks=false, cti1Key=, cti2Key=, cti1Task=, cti2Task=] , isLock=false, is9_1Task= false
05-11 08:28:32.941 29751 29751 D TaskViewThumbnail: setThumbnail, t=[TaskKey{id=1000047, stackId=0, baseIntent=Intent { act=android.intent.action.MAIN cat=[android.intent.category.LAUNCHER] flg=0x10200000 cmp=com.example.launcher/.MainActivity }, userId=0, lastActiveTime=780223187, windowingMode=1, isThumbnailBlur=false, isAccessLocked=false, isScreening=false, topActivity=ComponentInfo{com.google.android.permissioncontroller/com.android.permissioncontroller.role.ui.DefaultAppActivity}, mHashCode=-271447343}, title=V-launcher, titleDescription=V-launcher, bounds=null, isLaunchTarget=true, isStackTask=true, isSystemApp=false, isDockable=true, baseActivity=ComponentInfo{com.example.launcher/com.example.launcher.MainActivity}, isLocked=false, mNeedHide=false, hasMultipleTasks=false, cti1Key=, cti2Key=, cti1Task=, cti2Task=] , mThumbnailInfo=TaskThumbnailInfo{isSnapshotInvalidate=false}, mThumbnailBitmapRect=Rect(0, 0 - 432, 949)
05-11 08:28:32.942 29751 29751 D TaskViewThumbnail: updateThumbnailScale, t=[TaskKey{id=1000047, stackId=0, baseIntent=Intent { act=android.intent.action.MAIN cat=[android.intent.category.LAUNCHER] flg=0x10200000 cmp=com.example.launcher/.MainActivity }, userId=0, lastActiveTime=780223187, windowingMode=1, isThumbnailBlur=false, isAccessLocked=false, isScreening=false, topActivity=ComponentInfo{com.google.android.permissioncontroller/com.android.permissioncontroller.role.ui.DefaultAppActivity}, mHashCode=-271447343}, title=V-launcher, titleDescription=V-launcher, bounds=null, isLaunchTarget=true, isStackTask=true, isSystemApp=false, isDockable=true, baseActivity=ComponentInfo{com.example.launcher/com.example.launcher.MainActivity}, isLocked=false, mNeedHide=false, hasMultipleTasks=false, cti1Key=, cti2Key=, cti1Task=, cti2Task=] , mThumbnailBitmapSizeAfterScaled=(392.07755, 861.3)
05-11 08:28:32.948 28857 28887 D BarFollowAnimation: pairAppearanceRegionAndWin win=Window{406e930 u0 com.example.launcher/com.example.launcher.MainActivity} 0
05-11 08:28:32.948 29751 29751 D TaskView: TaskView bind task, task=[TaskKey{id=1000047, stackId=0, baseIntent=Intent { act=android.intent.action.MAIN cat=[android.intent.category.LAUNCHER] flg=0x10200000 cmp=com.example.launcher/.MainActivity }, userId=0, lastActiveTime=780223187, windowingMode=1, isThumbnailBlur=false, isAccessLocked=false, isScreening=false, topActivity=ComponentInfo{com.google.android.permissioncontroller/com.android.permissioncontroller.role.ui.DefaultAppActivity}, mHashCode=-271447343}, title=V-launcher, titleDescription=V-launcher, bounds=null, isLaunchTarget=false, isStackTask=true, isSystemApp=false, isDockable=true, baseActivity=ComponentInfo{com.example.launcher/com.example.launcher.MainActivity}, isLocked=false, mNeedHide=false, hasMultipleTasks=false, cti1Key=, cti2Key=, cti1Task=, cti2Task=] , isLock=false, is9_1Task= false
05-11 08:28:32.949 28857 28887 D BarFollowAnimation: isAppTaskBarOnTop win:Window{406e930 u0 com.example.launcher/com.example.launcher.MainActivity} (mCurrentTopTask:Task{90311df #1000047 type=standard A=10514:com.example.launcher} : false); (mAssociatedTask:Task{90311df #1000047 type=standard A=10514:com.example.launcher} : false); (mHomeTask:Task{49954d6 #1 type=home} : false); mReparentToOriginParent:false mLastAppBarVisible:false mLastHomeBarVisible:true
05-11 08:28:32.949 29751 29751 D TaskViewThumbnail: setThumbnail, t=[TaskKey{id=1000047, stackId=0, baseIntent=Intent { act=android.intent.action.MAIN cat=[android.intent.category.LAUNCHER] flg=0x10200000 cmp=com.example.launcher/.MainActivity }, userId=0, lastActiveTime=780223187, windowingMode=1, isThumbnailBlur=false, isAccessLocked=false, isScreening=false, topActivity=ComponentInfo{com.google.android.permissioncontroller/com.android.permissioncontroller.role.ui.DefaultAppActivity}, mHashCode=-271447343}, title=V-launcher, titleDescription=V-launcher, bounds=null, isLaunchTarget=false, isStackTask=true, isSystemApp=false, isDockable=true, baseActivity=ComponentInfo{com.example.launcher/com.example.launcher.MainActivity}, isLocked=false, mNeedHide=false, hasMultipleTasks=false, cti1Key=, cti2Key=, cti1Task=, cti2Task=] , mThumbnailInfo=TaskThumbnailInfo{isSnapshotInvalidate=false}, mThumbnailBitmapRect=Rect(0, 0 - 432, 949)
05-11 08:28:32.949 29751 29751 D TaskViewThumbnail: updateThumbnailScale, t=[TaskKey{id=1000047, stackId=0, baseIntent=Intent { act=android.intent.action.MAIN cat=[android.intent.category.LAUNCHER] flg=0x10200000 cmp=com.example.launcher/.MainActivity }, userId=0, lastActiveTime=780223187, windowingMode=1, isThumbnailBlur=false, isAccessLocked=false, isScreening=false, topActivity=ComponentInfo{com.google.android.permissioncontroller/com.android.permissioncontroller.role.ui.DefaultAppActivity}, mHashCode=-271447343}, title=V-launcher, titleDescription=V-launcher, bounds=null, isLaunchTarget=false, isStackTask=true, isSystemApp=false, isDockable=true, baseActivity=ComponentInfo{com.example.launcher/com.example.launcher.MainActivity}, isLocked=false, mNeedHide=false, hasMultipleTasks=false, cti1Key=, cti2Key=, cti1Task=, cti2Task=] , mThumbnailBitmapSizeAfterScaled=(392.07755, 861.3)
05-11 08:28:32.959 29751 30408 E ActivityManagerWrapper:  mainTaskId=1000047   userId=0   windowMode=1   isExcludedFromRecents=false   baseIntent=Intent { act=android.intent.action.MAIN flag=270532608 cmp=ComponentInfo{com.example.launcher/com.example.launcher.MainActivity} }
05-11 08:28:32.961 29751 30408 D RecentsTaskLoader: reloadTasksData [TaskKey{id=1000047, stackId=0, baseIntent=Intent { act=android.intent.action.MAIN cat=[android.intent.category.LAUNCHER] flg=0x10200000 cmp=com.example.launcher/.MainActivity }, userId=0, lastActiveTime=780223187, windowingMode=1, isThumbnailBlur=false, isAccessLocked=false, isScreening=false, topActivity=ComponentInfo{com.google.android.permissioncontroller/com.android.permissioncontroller.role.ui.DefaultAppActivity}, mHashCode=-271447343}, title=V-launcher, titleDescription=V-launcher, bounds=null, isLaunchTarget=false, isStackTask=true, isSystemApp=false, isDockable=true, baseActivity=ComponentInfo{com.example.launcher/com.example.launcher.MainActivity}, isLocked=false, mNeedHide=false, hasMultipleTasks=false, cti1Key=, cti2Key=, cti1Task=, cti2Task=] 
05-11 08:28:32.966 28857 28884 D WindowManager: Wallpaper target=Window{406e930 u0 com.example.launcher/com.example.launcher.MainActivity} prev=null
05-11 08:28:32.967 28857 28884 D BarFollowAnimation: pairAppearanceRegionAndWin win=Window{406e930 u0 com.example.launcher/com.example.launcher.MainActivity} 0
05-11 08:28:32.967 28857 28884 D BarFollowAnimation: isAppTaskBarOnTop win:Window{406e930 u0 com.example.launcher/com.example.launcher.MainActivity} (mCurrentTopTask:Task{90311df #1000047 type=standard A=10514:com.example.launcher} : false); (mAssociatedTask:Task{90311df #1000047 type=standard A=10514:com.example.launcher} : false); (mHomeTask:Task{49954d6 #1 type=home} : false); mReparentToOriginParent:false mLastAppBarVisible:false mLastHomeBarVisible:true
05-11 08:28:32.991 28857 31841 D BarFollowAnimation: pairAppearanceRegionAndWin win=Window{406e930 u0 com.example.launcher/com.example.launcher.MainActivity} 0
05-11 08:28:32.992 28857 31841 D BarFollowAnimation: isAppTaskBarOnTop win:Window{406e930 u0 com.example.launcher/com.example.launcher.MainActivity} (mCurrentTopTask:Task{90311df #1000047 type=standard A=10514:com.example.launcher} : false); (mAssociatedTask:Task{90311df #1000047 type=standard A=10514:com.example.launcher} : false); (mHomeTask:Task{49954d6 #1 type=home} : false); mReparentToOriginParent:false mLastAppBarVisible:false mLastHomeBarVisible:true
05-11 08:28:33.000 28857 31841 D BarFollowAnimation: isAppTaskBarOnTop win:Window{85ef67c u0 com.miui.home/com.miui.home.recents.RecentsActivity} (mCurrentTopTask:Task{90311df #1000047 type=standard A=10514:com.example.launcher} : false); (mAssociatedTask:Task{90311df #1000047 type=standard A=10514:com.example.launcher} : false); (mHomeTask:Task{49954d6 #1 type=home} : false); mReparentToOriginParent:false mLastAppBarVisible:false mLastHomeBarVisible:true
05-11 08:28:33.015 28857 28887 V WindowManager: New wallpaper target: Window{85ef67c u0 com.miui.home/com.miui.home.recents.RecentsActivity} prevTarget: Window{406e930 u0 com.example.launcher/com.example.launcher.MainActivity} caller=com.android.server.wm.WallpaperController.adjustWallpaperWindows:1013 com.android.server.wm.DisplayContent.applySurfaceChangesTransaction:5563 com.android.server.wm.RootWindowContainer.applySurfaceChangesTransaction:1048 com.android.server.wm.RootWindowContainer.performSurfacePlacementNoTrace:900 com.android.server.wm.RootWindowContainer.performSurfacePlacement:863 
05-11 08:28:33.016 29751 29751 D TaskViewThumbnail: updateThumbnailScale, t=[TaskKey{id=1000047, stackId=0, baseIntent=Intent { act=android.intent.action.MAIN cat=[android.intent.category.LAUNCHER] flg=0x10200000 cmp=com.example.launcher/.MainActivity }, userId=0, lastActiveTime=780223187, windowingMode=1, isThumbnailBlur=false, isAccessLocked=false, isScreening=false, topActivity=ComponentInfo{com.google.android.permissioncontroller/com.android.permissioncontroller.role.ui.DefaultAppActivity}, mHashCode=-271447343}, title=V-launcher, titleDescription=V-launcher, bounds=null, isLaunchTarget=false, isStackTask=true, isSystemApp=false, isDockable=true, baseActivity=ComponentInfo{com.example.launcher/com.example.launcher.MainActivity}, isLocked=false, mNeedHide=false, hasMultipleTasks=false, cti1Key=, cti2Key=, cti1Task=, cti2Task=] , mThumbnailBitmapSizeAfterScaled=(392.53278, 862.3)
05-11 08:28:33.018 29751 29751 D TaskViewThumbnail: updateThumbnailScale, t=[TaskKey{id=1000047, stackId=0, baseIntent=Intent { act=android.intent.action.MAIN cat=[android.intent.category.LAUNCHER] flg=0x10200000 cmp=com.example.launcher/.MainActivity }, userId=0, lastActiveTime=780223187, windowingMode=1, isThumbnailBlur=false, isAccessLocked=false, isScreening=false, topActivity=ComponentInfo{com.google.android.permissioncontroller/com.android.permissioncontroller.role.ui.DefaultAppActivity}, mHashCode=-271447343}, title=V-launcher, titleDescription=V-launcher, bounds=null, isLaunchTarget=false, isStackTask=true, isSystemApp=false, isDockable=true, baseActivity=ComponentInfo{com.example.launcher/com.example.launcher.MainActivity}, isLocked=false, mNeedHide=false, hasMultipleTasks=false, cti1Key=, cti2Key=, cti1Task=, cti2Task=] , mThumbnailBitmapSizeAfterScaled=(392.07755, 861.3)
05-11 08:28:33.020 28857 28887 D BarFollowAnimation: pairAppearanceRegionAndWin win=Window{406e930 u0 com.example.launcher/com.example.launcher.MainActivity} 0
05-11 08:28:33.021 28857 28887 D BarFollowAnimation: isAppTaskBarOnTop win:Window{85ef67c u0 com.miui.home/com.miui.home.recents.RecentsActivity} (mCurrentTopTask:Task{90311df #1000047 type=standard A=10514:com.example.launcher} : false); (mAssociatedTask:Task{90311df #1000047 type=standard A=10514:com.example.launcher} : false); (mHomeTask:Task{49954d6 #1 type=home} : false); mReparentToOriginParent:false mLastAppBarVisible:false mLastHomeBarVisible:true
05-11 08:28:33.036 28857 28887 D BarFollowAnimation: pairAppearanceRegionAndWin win=Window{406e930 u0 com.example.launcher/com.example.launcher.MainActivity} 0
05-11 08:28:33.037 28857 28887 D BarFollowAnimation: isAppTaskBarOnTop win:Window{85ef67c u0 com.miui.home/com.miui.home.recents.RecentsActivity} (mCurrentTopTask:Task{90311df #1000047 type=standard A=10514:com.example.launcher} : false); (mAssociatedTask:Task{90311df #1000047 type=standard A=10514:com.example.launcher} : false); (mHomeTask:Task{49954d6 #1 type=home} : false); mReparentToOriginParent:false mLastAppBarVisible:false mLastHomeBarVisible:true
05-11 08:28:33.053 28857 28887 D WindowManager:    ChangeInfo{f4f5738 container=Task{62f730f #1000048 type=home A=10514:com.example.launcher nonResizable} flags=0x10}
05-11 08:28:33.053 28857 28887 D WindowManager:    ChangeInfo{eab6311 container=ActivityRecord{128163507 u0 com.example.launcher/.MainActivity t1000048} flags=0x0}
05-11 08:28:33.054 28857 28887 I SmartPower: Miui monitor launch : com.miui.home/.recents.RecentsActivity  transitionTime:500  launchTime:485  launchFrom:com.example.launcher  launchType:2
05-11 08:28:33.059 29738 29843 D MiuiDecorationHomeController: relayout::taskId=1, userId=0, visible=true, bounds=Rect(0, 0 - 720, 1640), focused=false, activityType=2, displayId=0, baseActivity=ComponentInfo{com.miui.home/com.miui.home.launcher.Launcher}, topActivity=ComponentInfo{com.example.launcher/com.example.launcher.MainActivity}, callers=com.android.wm.shell.multitasking.miuimultiwinswitch.miuiwindowdecor.MulWinSwitchDecorViewModel.onTaskChanging:110 com.android.wm.shell.freeform.FreeformTaskTransitionObserver.onTransitionReady:187 com.android.wm.shell.transition.Transitions.dispatchReady:241 com.android.wm.shell.transition.Transitions.onTransitionReady:269 com.android.wm.shell.transition.Transitions$TransitionPlayerImpl$$ExternalSyntheticLambda1.run:48 
05-11 08:28:33.060 28857 28887 D BarFollowAnimation: isAppTaskBarOnTop win:Window{85ef67c u0 com.miui.home/com.miui.home.recents.RecentsActivity} (mCurrentTopTask:Task{90311df #1000047 type=standard A=10514:com.example.launcher} : false); (mAssociatedTask:Task{90311df #1000047 type=standard A=10514:com.example.launcher} : false); (mHomeTask:Task{49954d6 #1 type=home} : false); mReparentToOriginParent:false mLastAppBarVisible:false mLastHomeBarVisible:true
05-11 08:28:33.074 28857 29387 D BarFollowAnimation: checkBarStatus mReparentToOriginParent:false hasTopFullAppTask:false mHomeTask:Task{49954d6 #1 type=home} mCurrentTopTask: Task{90311df #1000047 type=standard A=10514:com.example.launcher} mAssociatedTask: Task{90311df #1000047 type=standard A=10514:com.example.launcher} homeTaskonTop:false mLastAppBarVisible:false mLastHomeBarVisible:true isInSplitScreen:false
05-11 08:28:33.083 28857 28887 I WindowManager: wms.hideSurface mWin:Window{406e930 u0 com.example.launcher/com.example.launcher.MainActivity} reason:(prepareSurfaceLocked) in Surface(name=com.example.launcher/com.example.launcher.MainActivity#169915)/@0x12ea752
05-11 08:28:33.089 29738 29843 D MiuiDecorationHomeController: relayout::taskId=1, userId=0, visible=false, bounds=Rect(0, 0 - 720, 1640), focused=false, activityType=2, displayId=0, baseActivity=ComponentInfo{com.miui.home/com.miui.home.launcher.Launcher}, topActivity=ComponentInfo{com.example.launcher/com.example.launcher.MainActivity}, callers=com.android.wm.shell.multitasking.miuimultiwinswitch.miuiwindowdecor.decoration.MiuiDecorationController.relayout:4 com.android.wm.shell.multitasking.miuimultiwinswitch.miuiwindowdecor.MulWinSwitchDecorViewModel.onTaskInfoChanged:18 com.android.wm.shell.multitasking.common.taskmanager.MultiTaskingTaskListener.onTaskInfoChanged:47 com.android.wm.shell.ShellTaskOrganizer.onTaskInfoChanged:136 android.window.TaskOrganizer$1.lambda$onTaskInfoChanged$6:300 
05-11 08:28:33.092  1020  1020 I SurfaceFlinger: onHandleDestroyed: layerId=169920, name=71cf404 ActivityRecordInputSink com.example.launcher/.MainActivity#169920
05-11 08:28:33.100 28857 29909 D BarFollowAnimation: isAppTaskBarOnTop win:Window{85ef67c u0 com.miui.home/com.miui.home.recents.RecentsActivity} (mCurrentTopTask:Task{90311df #1000047 type=standard A=10514:com.example.launcher} : false); (mAssociatedTask:Task{90311df #1000047 type=standard A=10514:com.example.launcher} : false); (mHomeTask:Task{49954d6 #1 type=home} : false); mReparentToOriginParent:false mLastAppBarVisible:false mLastHomeBarVisible:true
05-11 08:28:33.118 28857 28886 I PowerHalWrapper: amsBoostNotify pid:6710,activity:com.example.launcher.MainActivity, package:com.example.launcher, mProcessCreatePackcom.google.android.permissioncontroller 
05-11 08:28:33.119 28857 28886 I ScnModule: [GameDetection] requestedPermissions1/1:: com.example.launcher:: [android.permission.QUERY_ALL_PACKAGES, android.permission.BIND_APPWIDGET, android.permission.READ_EXTERNAL_STORAGE, android.permission.READ_MEDIA_IMAGES, android.permission.READ_MEDIA_AUDIO, android.permission.SET_WALLPAPER, android.permission.RECORD_AUDIO, android.permission.ACCESS_FINE_LOCATION, android.permission.ACCESS_COARSE_LOCATION, android.permission.INTERNET, android.permission.READ_CALENDAR, android.permission.READ_CONTACTS, com.termux.permission.RUN_COMMAND, android.permission.USE_BIOMETRIC, android.permission.USE_FINGERPRINT, android.permission.ACCESS_NETWORK_STATE, com.example.launcher.DYNAMIC_RECEIVER_NOT_EXPORTED_PERMISSION, android.permission.READ_MEDIA_VISUAL_USER_SELECTED] 
05-11 08:28:33.119 28857 28886 I ScnModule: [GameDetection] numOfPermissiom:: com.example.launcher:: 18 
