05-11 08:28:25.987 28857 28886 W ActivityTaskManager: Activity top resumed state loss timeout for ActivityRecord{128163507 u0 com.example.launcher/.MainActivity t1000048}
05-11 08:28:25.987 28857 28886 I PowerHalWrapper: amsBoostNotify pid:6710,activity:com.example.launcher.MainActivity, package:com.example.launcher, mProcessCreatePackcom.google.android.permissioncontroller 
05-11 08:28:25.988 28857 28886 I ScnModule: [GameDetection] requestedPermissions1/1:: com.example.launcher:: [android.permission.QUERY_ALL_PACKAGES, android.permission.BIND_APPWIDGET, android.permission.READ_EXTERNAL_STORAGE, android.permission.READ_MEDIA_IMAGES, android.permission.READ_MEDIA_AUDIO, android.permission.SET_WALLPAPER, android.permission.RECORD_AUDIO, android.permission.ACCESS_FINE_LOCATION, android.permission.ACCESS_COARSE_LOCATION, android.permission.INTERNET, android.permission.READ_CALENDAR, android.permission.READ_CONTACTS, com.termux.permission.RUN_COMMAND, android.permission.USE_BIOMETRIC, android.permission.USE_FINGERPRINT, android.permission.ACCESS_NETWORK_STATE, com.example.launcher.DYNAMIC_RECEIVER_NOT_EXPORTED_PERMISSION, android.permission.READ_MEDIA_VISUAL_USER_SELECTED] 
05-11 08:28:25.988 28857 28886 I ScnModule: [GameDetection] numOfPermissiom:: com.example.launcher:: 18 
05-11 08:28:25.988 28857 28886 I ScnModule: [GameDetection] inputPermissions:: com.example.launcher:: [0.0, 0.0, 0.0, 1.0, 0.0, 0.0, 0.0, 1.0, 0.0, 0.0, 1.0, 0.0, 0.0, 0.0, 1.0, 0.0, 0.0, 1.0, 0.0, 0.0, 0.0, 0.0, 0.0, 0.0, 1.0, 1.0, 0.0, 0.0, 0.0, 0.0, 1.0, 0.0, 0.0, 0.0, 1.0, 0.0, 0.0, 0.0, 0.0, 0.0, 0.0, 0.0, 1.0, 1.0, 0.0, 0.0, 0.0, 0.0, 0.0, 0.0, 0.0, 0.0, 0.0, 1.0, 0.0, 0.0, 1.0, 0.0, 0.0, 0.0, 0.0, 0.0, 0.0, 0.0, 0.0, 0.0, 1.0, 0.0, 0.0, 0.0, 0.0, 0.0, 0.0, 0.0, 0.0, 0.0, 0.0, 0.0, 0.0, 0.0, 0.0, 0.0, 0.0, 0.0, 0.0, 0.0, 0.0, 0.0, 0.0, 0.0, 0.0, 0.0, 0.0, 0.0, 0.0, 0.0, 0.0, 0.0, 0.0, 0.0, 0.0, 0.0, 0.0, 0.0, 0.0, 0.0, 0.0, 0.0, 0.0, 0.0, 0.0, 0.0, 0.0, 0.0, 0.0, 0.0, 0.0, 0.0, 0.0, 0.0, 0.0, 0.0, 0.0, 0.0, 0.0, 0.0, 0.0, 0.0, 0.0, 0.0, 0.0, 0.0, 0.0, 0.0, 0.0, 0.0, 0.0, 0.0, 0.0, 0.0, 0.0, 0.0, 0.0, 0.0, 0.0, 0.0, 0.0, 0.0, 0.0, 0.0, 0.0, 0.0, 0.0, 0.0, 0.0, 0.0, 0.0, 0.0, 0.0, 0.0, 0.0, 0.0, 0.0, 0.0, 0.0, 0.0, 0.0, 0.0, 0.0, 0.0, 0.0, 0.0, 0.0, 0.0, 0.0, 0.0, 0.0, 0.0, 0.0, 0.0, 0.0, 0.0, 0.0, 0.0, 0.0, 0.0, 0.0, 0.0, 0.0, 0.0, 0.0, 0.0, 0.0, 0.0, 0.0, 0.0, 0.0, 0.0, 0.0, 0.0] 
05-11 08:28:25.988 28857 28886 I ScnModule: [GameDetection] inputGameFeature:: com.example.launcher:: [-1.0774993, 0.0, 0.0, 0.0] 
05-11 08:28:25.988 28857 28886 I ScnModule: [GameDetection] GamePredictor:: com.example.launcher:: nonGame:57.9452,isGame:-60.6491 
05-11 08:28:25.988 28857 28886 I mtkpower_client: [PowerHal_Wrap_notifyAppState] com.example.launcher/com.example.launcher.MainActivity pid=6710 activityId:128163507 state:1
05-11 08:28:25.989   967   967 I vendor.mediatek.hardware.mtkpower_applist-service.mediatek: packName: com.example.launcher actName: com.example.launcher.MainActivity pid: 6710 activityId: 128163507 uid: 10514 state: 1
05-11 08:28:25.989   967   967 I MTK_APPList: [notifyAPPstate] com.example.launcher/com.example.launcher.MainActivity, pid=6710, activityId=128163507, uid=10514, state:RESUMED, fps:-1, win:1
05-11 08:28:25.989   967   967 I MTK_APPList: [notifyAPPstate] multi_resumed_app_info[1] com.example.launcher/com.example.launcher.MainActivity, pid:6710, activityId:128163507, fps:-1, isMultiWindow:1
05-11 08:28:25.989   967   967 I MTK_APPList: [notifyAPPstate] foreground:com.example.launcher, pid:6710, activityId:128163507, uid:10514
05-11 08:28:26.046 29738 29738 D DynamicIslandSafeguardsController: delayExitApp: com.example.launcher com.example.launcher count = 0
05-11 08:28:26.113 28857 28887 D BarFollowAnimation: isAppTaskBarOnTop win:Window{173b562 u0 com.google.android.permissioncontroller/com.android.permissioncontroller.role.ui.DefaultAppActivity} (mCurrentTopTask:Task{90311df #1000047 type=standard A=10514:com.example.launcher} : false); (mAssociatedTask:Task{90311df #1000047 type=standard A=10514:com.example.launcher} : false); (mHomeTask:Task{49954d6 #1 type=home} : true); mReparentToOriginParent:false mLastAppBarVisible:true mLastHomeBarVisible:false
05-11 08:28:26.115 28857 28887 I BLASTSyncEngine: SyncGroup 208:  Unfinished container:ActivityRecord{128163507 u0 com.example.launcher/.MainActivity t1000048}
05-11 08:28:26.115 28857 28887 I BLASTSyncEngine: isActivitySyncFinished isSyncFinished false ActivityRecord{128163507 u0 com.example.launcher/.MainActivity t1000048}
05-11 08:28:26.145 28857 28884 D BarFollowAnimation: isAppTaskBarOnTop win:Window{173b562 u0 com.google.android.permissioncontroller/com.android.permissioncontroller.role.ui.DefaultAppActivity} (mCurrentTopTask:Task{90311df #1000047 type=standard A=10514:com.example.launcher} : false); (mAssociatedTask:Task{90311df #1000047 type=standard A=10514:com.example.launcher} : false); (mHomeTask:Task{49954d6 #1 type=home} : true); mReparentToOriginParent:false mLastAppBarVisible:true mLastHomeBarVisible:false
05-11 08:28:26.148 28857 28884 I BLASTSyncEngine: SyncGroup 208:  Unfinished container:ActivityRecord{128163507 u0 com.example.launcher/.MainActivity t1000048}
05-11 08:28:26.148 28857 28884 I BLASTSyncEngine: isActivitySyncFinished isSyncFinished false ActivityRecord{128163507 u0 com.example.launcher/.MainActivity t1000048}
05-11 08:28:26.445 28857 31571 D CoreBackPreview: Window{406e930 u0 com.example.launcher/com.example.launcher.MainActivity}: Setting back callback OnBackInvokedCallbackInfo{mCallback=android.window.IOnBackInvokedCallback$Stub$Proxy@4a58c87, mPriority=0, mIsAnimationCallback=false, mOverrideBehavior=0}
05-11 08:28:26.583 28857 31571 D BarFollowAnimation: isAppTaskBarOnTop win:Window{173b562 u0 com.google.android.permissioncontroller/com.android.permissioncontroller.role.ui.DefaultAppActivity} (mCurrentTopTask:Task{90311df #1000047 type=standard A=10514:com.example.launcher} : false); (mAssociatedTask:Task{90311df #1000047 type=standard A=10514:com.example.launcher} : false); (mHomeTask:Task{49954d6 #1 type=home} : true); mReparentToOriginParent:false mLastAppBarVisible:true mLastHomeBarVisible:false
05-11 08:28:26.586 28857 31571 I BLASTSyncEngine: SyncGroup 208:  Unfinished container:ActivityRecord{128163507 u0 com.example.launcher/.MainActivity t1000048}
05-11 08:28:26.587 28857 31571 I BLASTSyncEngine: isActivitySyncFinished isSyncFinished false ActivityRecord{128163507 u0 com.example.launcher/.MainActivity t1000048}
05-11 08:28:26.590 28857 31571 D BarFollowAnimation: isAppTaskBarOnTop win:Window{406e930 u0 com.example.launcher/com.example.launcher.MainActivity} (mCurrentTopTask:Task{90311df #1000047 type=standard A=10514:com.example.launcher} : false); (mAssociatedTask:Task{90311df #1000047 type=standard A=10514:com.example.launcher} : false); (mHomeTask:Task{49954d6 #1 type=home} : true); mReparentToOriginParent:false mLastAppBarVisible:true mLastHomeBarVisible:false
05-11 08:28:26.596 28857 31571 D WindowManager: updateSystemBarAttributes displayId: 0 Window{406e930 u0 com.example.launcher/com.example.launcher.MainActivity} winAppearance=
05-11 08:28:26.596 28857 31571 D WindowManager: wms.Input focus has changed to Window{406e930 u0 com.example.launcher/com.example.launcher.MainActivity} display=0 updateInputWindows = true
05-11 08:28:26.597 28857 28884 D WmSystemUiDebug: on system bar attributes changed displayId=0 appearance=LIGHT_NAVIGATION_BARS appearanceRegions=[AppearanceRegion{LIGHT_STATUS_BARS bounds=[0,0][720,1640]}] navbarColorManagedByIme=false behavior=1 requestedVisibleTypes=[statusBars navigationBars captionBar systemGestures mandatorySystemGestures tappableElement displayCutout windowDecor systemOverlays] packageName=com.example.launcher letterboxDetails=[]
05-11 08:28:26.603  6710  6710 I ForceDarkHelperStubImpl: setViewRootImplForceDark: false for com.example.launcher.MainActivity@711471a, reason: DarkModeEnabled
05-11 08:28:26.612 28857 28887 D SurfaceComposerClient: Transaction::apply InputWindowCommands.focusRequests timestamp=562819146930774, windowName=406e930 com.example.launcher/com.example.launcher.MainActivity
05-11 08:28:26.614 28857 28887 V WindowManager: New wallpaper target: Window{406e930 u0 com.example.launcher/com.example.launcher.MainActivity} prevTarget: null caller=com.android.server.wm.WallpaperController.adjustWallpaperWindows:1013 com.android.server.wm.DisplayContent.applySurfaceChangesTransaction:5563 com.android.server.wm.RootWindowContainer.applySurfaceChangesTransaction:1048 com.android.server.wm.RootWindowContainer.performSurfacePlacementNoTrace:900 com.android.server.wm.RootWindowContainer.performSurfacePlacement:863 
05-11 08:28:26.615 28857 28887 D WindowManager: Wallpaper target=Window{406e930 u0 com.example.launcher/com.example.launcher.MainActivity} prev=null
05-11 08:28:26.616 28857 28887 D BarFollowAnimation: isAppTaskBarOnTop win:Window{406e930 u0 com.example.launcher/com.example.launcher.MainActivity} (mCurrentTopTask:Task{90311df #1000047 type=standard A=10514:com.example.launcher} : false); (mAssociatedTask:Task{90311df #1000047 type=standard A=10514:com.example.launcher} : false); (mHomeTask:Task{49954d6 #1 type=home} : true); mReparentToOriginParent:false mLastAppBarVisible:true mLastHomeBarVisible:false
05-11 08:28:26.619 28857 28887 I BLASTSyncEngine: SyncGroup 208:  Unfinished container:ActivityRecord{128163507 u0 com.example.launcher/.MainActivity t1000048}
05-11 08:28:26.619 28857 28887 I BLASTSyncEngine: isActivitySyncFinished isSyncFinished false ActivityRecord{128163507 u0 com.example.launcher/.MainActivity t1000048}
05-11 08:28:26.620 28857 28887 D BarFollowAnimation: isAppTaskBarOnTop win:Window{406e930 u0 com.example.launcher/com.example.launcher.MainActivity} (mCurrentTopTask:Task{90311df #1000047 type=standard A=10514:com.example.launcher} : false); (mAssociatedTask:Task{90311df #1000047 type=standard A=10514:com.example.launcher} : false); (mHomeTask:Task{49954d6 #1 type=home} : true); mReparentToOriginParent:false mLastAppBarVisible:true mLastHomeBarVisible:false
05-11 08:28:26.622 28857 28887 I BLASTSyncEngine: SyncGroup 208:  Unfinished container:ActivityRecord{128163507 u0 com.example.launcher/.MainActivity t1000048}
05-11 08:28:26.622 28857 28887 I BLASTSyncEngine: isActivitySyncFinished isSyncFinished false ActivityRecord{128163507 u0 com.example.launcher/.MainActivity t1000048}
05-11 08:28:26.633  1020  1523 D SurfaceFlinger: updateWinowInfo=1, setFocusedWindow timestamp=562819146930774, windowName=406e930 com.example.launcher/com.example.launcher.MainActivity
05-11 08:28:26.680 28857 29055 W InputDispatcher: Waiting because no window has focus but ActivityRecord{128163507 u0 com.example.launcher/.MainActivity t1000048} may eventually add a window when it finishes starting up. Will wait for 5000ms
05-11 08:28:26.681 28857 29055 D MiEvent : flatten EventId 907002074 -t 1778477306 -paraList {"displayID":"0","entryCode":"4","focusApplicationName":"ActivityRecord{128163507 u0 com.example.launcher/.MainActivity t1000048}"}
05-11 08:28:26.681 28857 29055 D MiEvent : report:EventId 907002074 -t 1778477306 -paraList {"displayID":"0","entryCode":"4","focusApplicationName":"ActivityRecord{128163507 u0 com.example.launcher/.MainActivity t1000048}"} success
05-11 08:28:26.684  1238  1279 D misight : Execute start execute sql /data/miuilog/misight/event.db:select id,occured_cnt from event_info where event_id = '907002074' and version_id = '2' and param_list = '{"displayID":"0","entryCode":"4","focusApplicationName":"ActivityRecord{128163507 u0 com.example.launcher/.MainActivity t1000048}"}' and time_id = '118' limit 1
05-11 08:28:26.700  1238  1279 D misight : Execute start execute sql /data/miuilog/misight/event.db:insert into event_info (event_id,version_id,occured_cnt,first_time,param_list,expire,visible,time_id)  values ( 907002074,2,1,1778477306,'{"displayID":"0","entryCode":"4","focusApplicationName":"ActivityRecord{128163507 u0 com.example.launcher/.MainActivity t1000048}"}',0,0,118) 
05-11 08:28:26.773 28857 31571 D WindowManager: wms.finishDrawingLocked: mDrawState=COMMIT_DRAW_PENDING Window{406e930 u0 com.example.launcher/com.example.launcher.MainActivity} in Surface(name=com.example.launcher/com.example.launcher.MainActivity#169915)/@0x12ea752
05-11 08:28:26.774 28857 28887 D WindowManager: Wallpaper target=Window{406e930 u0 com.example.launcher/com.example.launcher.MainActivity} prev=null
05-11 08:28:26.776 28857 28887 D BarFollowAnimation: isAppTaskBarOnTop win:Window{406e930 u0 com.example.launcher/com.example.launcher.MainActivity} (mCurrentTopTask:Task{90311df #1000047 type=standard A=10514:com.example.launcher} : false); (mAssociatedTask:Task{90311df #1000047 type=standard A=10514:com.example.launcher} : false); (mHomeTask:Task{49954d6 #1 type=home} : true); mReparentToOriginParent:false mLastAppBarVisible:true mLastHomeBarVisible:false
05-11 08:28:26.778 28857 28887 D WindowManager: wms.commitFinishDrawingLocked: mDrawState=READY_TO_SHOW Window{406e930 u0 com.example.launcher/com.example.launcher.MainActivity} in Surface(name=com.example.launcher/com.example.launcher.MainActivity#169915)/@0x12ea752
05-11 08:28:26.779 28857 28887 I SmartPower: com.example.launcher/10514(6710): invisible->visible(1701ms) R(become visible) adj=0.
05-11 08:28:26.780 28857 28887 D WindowManager: wms.commitFinishDrawingLocked: mDrawState=READY_TO_SHOW Window{406e930 u0 com.example.launcher/com.example.launcher.MainActivity} in Surface(name=com.example.launcher/com.example.launcher.MainActivity#169915)/@0x12ea752
05-11 08:28:26.780 28857 28887 I WindowManager: wms.showSurfaceRobustly mWin:Window{406e930 u0 com.example.launcher/com.example.launcher.MainActivity} in Surface(name=com.example.launcher/com.example.launcher.MainActivity#169915)/@0x12ea752
05-11 08:28:26.782 28857 28887 D WindowManager: Final targets: [ChangeInfo{7037f46 container=Task{49954d6 #1 type=home} flags=0x30}, ChangeInfo{94446cd container=Task{90311df #1000047 type=standard A=10514:com.example.launcher} flags=0x10}, ChangeInfo{7c37e49 container=WallpaperWindowToken{c80e893 showWhenLocked=true} flags=0x0}]
05-11 08:28:26.786 28857 28887 I DynamicIslandService: elementSurfaceTransition is null for:com.example.launcher
05-11 08:28:26.788 28857 28887 D WindowManager: Calling onTransitionReady info={id=208 t=OPEN f=0x0 trk=0 r=[0@Point(0, 0)] c=[{WCT{RemoteToken{8b14722 Task{49954d6 #1 type=home}}} m=TO_FRONT f=SHOW_WALLPAPER|MOVE_TO_TOP leash=Surface(name=Task=1#165811)/@0x7d0ba7b sb=Rect(0, 0 - 720, 1640) eb=Rect(0, 0 - 720, 1640) epz=Point(720, 1640) d=0 taskParent=-1 v=trueMiuiChangeImpl {miuiEmbedding:false, scale:1.0}},{WCT{RemoteToken{f0494a7 Task{90311df #1000047 type=standard A=10514:com.example.launcher}}} m=TO_BACK f=NONE leash=Surface(name=Task=1000047#169847)/@0x83c687e sb=Rect(0, 0 - 720, 1640) eb=Rect(0, 0 - 720, 1640) epz=Point(720, 1640) d=0 taskParent=-1 v=falseMiuiChangeImpl {miuiEmbedding:false, scale:1.0}},{m=TO_FRONT f=IS_WALLPAPER leash=Surface(name=WallpaperWindowToken{c80e893 showWhenLocked=false}#165818)/@0xe7200d0 sb=Rect(0, 0 - 720, 1640) eb=Rect(0, 0 - 720, 1640) epz=Point(720, 1640) d=0 v=trueMiuiChangeImpl {miuiEmbedding:false, scale:1.0}}] mk=[false] noAni=[false] df=[false] rsa=[false] oa=[false] nc=[0] ho=[false] hla=[false] iSync=[-1]}, mToken=Token{9bcb605 TransitionRecord{c0e9422 id=208 type=OPEN flags=0x0 c=[
05-11 08:28:26.788 28857 28887 D WindowManager:    ChangeInfo{368b507 container=Task{62f730f #1000048 type=home A=10514:com.example.launcher nonResizable} flags=0x30}
05-11 08:28:26.788 28857 28887 D WindowManager:    ChangeInfo{5276634 container=ActivityRecord{128163507 u0 com.example.launcher/.MainActivity t1000048} flags=0x0}
05-11 08:28:26.788 28857 28887 D WindowManager:    ChangeInfo{94446cd container=Task{90311df #1000047 type=standard A=10514:com.example.launcher} flags=0x10}
05-11 08:28:26.788 28857 29387 D BarFollowAnimation: disableBarAnimation change={WCT{RemoteToken{f0494a7 Task{90311df #1000047 type=standard A=10514:com.example.launcher}}} m=TO_BACK f=NONE leash=Surface(name=Task=1000047#169847)/@0x83c687e sb=Rect(0, 0 - 720, 1640) eb=Rect(0, 0 - 720, 1640) epz=Point(720, 1640) d=0 taskParent=-1 v=falseMiuiChangeImpl {miuiEmbedding:false, scale:1.0}} 1 1
05-11 08:28:26.789 28857 29387 D BarFollowAnimation: startStatusBarAnimation change= {WCT{RemoteToken{f0494a7 Task{90311df #1000047 type=standard A=10514:com.example.launcher}}} m=TO_BACK f=NONE leash=Surface(name=Task=1000047#169847)/@0x83c687e sb=Rect(0, 0 - 720, 1640) eb=Rect(0, 0 - 720, 1640) epz=Point(720, 1640) d=0 taskParent=-1 v=falseMiuiChangeImpl {miuiEmbedding:false, scale:1.0}} isRecent=false startWindowMode=1 endWindowMode=1 statusState=-1 isRotationAnimation=false
05-11 08:28:26.789 28857 28887 E WindowManager:  source = Task{90311df #1000047 type=standard A=10514:com.example.launcher} excludeMiuiNavBar = true excludeMiuiStatusBar = true excludeIme = false excludeNavBar = true miuiNavSurfaceControl = Surface(name=NavigationBar Container of Task = 1000047#169849)/@0x2b0ecfb miuiStatusSurfaceControl = Surface(name=StatusBar Container of Task = 1000047#169850)/@0x2ab9118
05-11 08:28:26.793 29738 29843 D MiuiDecorationHomeController: relayout::taskId=1, userId=0, visible=true, bounds=Rect(0, 0 - 720, 1640), focused=true, activityType=2, displayId=0, baseActivity=ComponentInfo{com.miui.home/com.miui.home.launcher.Launcher}, topActivity=ComponentInfo{com.example.launcher/com.example.launcher.MainActivity}, callers=com.android.wm.shell.multitasking.miuimultiwinswitch.miuiwindowdecor.MulWinSwitchDecorViewModel.onTaskChanging:110 com.android.wm.shell.freeform.FreeformTaskTransitionObserver.onTransitionReady:283 com.android.wm.shell.transition.Transitions.dispatchReady:241 com.android.wm.shell.transition.Transitions.onTransitionReady:269 com.android.wm.shell.transition.Transitions$TransitionPlayerImpl$$ExternalSyntheticLambda1.run:48 
05-11 08:28:26.794 29738 29843 D MiuiDecorationController: relayout::taskId=1000047, visible=true, bounds=Rect(0, 0 - 720, 1640), focused=false, oldImmersive=false, newImmersive=false, windowMode=1, activityType=1, displayId=0, baseActivity=ComponentInfo{com.example.launcher/com.example.launcher.MainActivity}, topActivity=ComponentInfo{com.google.android.permissioncontroller/com.android.permissioncontroller.role.ui.DefaultAppActivity}, callers=com.android.wm.shell.multitasking.miuimultiwinswitch.miuiwindowdecor.MulWinSwitchDecorViewModel.onTaskChanging:110 com.android.wm.shell.freeform.FreeformTaskTransitionObserver.onTransitionReady:187 com.android.wm.shell.transition.Transitions.dispatchReady:241 com.android.wm.shell.transition.Transitions.onTransitionReady:269 com.android.wm.shell.transition.Transitions$TransitionPlayerImpl$$ExternalSyntheticLambda1.run:48 
05-11 08:28:26.803 28857 28887 D WindowManager: snapshot isNothing = false source = Task{90311df #1000047 type=standard A=10514:com.example.launcher}
05-11 08:28:26.805 28857 28887 D WindowManager: Wallpaper target=Window{406e930 u0 com.example.launcher/com.example.launcher.MainActivity} prev=null
05-11 08:28:26.805 28857 28873 V WindowManager: Sent Transition (#208) createdAt=05-11 08:28:25.077 via request=TransitionRequestInfo { type = OPEN, triggerTask = TaskInfo{userId=0 taskId=1000048 effectiveUid=10514 displayId=0 isRunning=true baseIntent=Intent { act=android.intent.action.MAIN cat=[android.intent.category.HOME] flg=0x10000000 cmp=com.example.launcher/.MainActivity } baseActivity=ComponentInfo{com.example.launcher/com.example.launcher.MainActivity} topActivity=ComponentInfo{com.example.launcher/com.example.launcher.MainActivity} origActivity=null realActivity=ComponentInfo{com.example.launcher/com.example.launcher.MainActivity} numActivities=1 lastActiveTime=780223192 supportsSplitScreenMultiWindow=true mSoScDisplayMode=-1 supportsMultiWindow=true resizeMode=0 isResizeable=false minWidth=-1 minHeight=-1 defaultMinSize=200 token=WCT{RemoteToken{f8d8568 Task{62f730f #1000048 type=home A=10514:com.example.launcher nonResizable}}} topActivityType=2 pictureInPictureParams=null shouldDockBigOverlays=false launchIntoPipHostTaskId=-1 lastParentTaskIdBeforePip=-1 displayCutoutSafeInsets=Rect(0, 68 - 0, 0) topActivityInfo=ActivityInfo{457ad81 com.example.launcher.MainActivity} launchCookies=[] positionInParent=Point(0, 0) parentTaskId=-1 isFocused=false isVisible=false isVisibleRequested=false isTopActivityNoDisplay=false isSleeping=false locusId=null displayAreaFeatureId=1 isTopActivityTransparent=false isActivityStackTransparent=false lastNonFullscreenBounds=Rect(189, 465 - 531, 1185) capturedLink=null capturedLinkTimestamp=0 requestedVisibleTypes=-9 topActivityRequestOpenInBrowserEducationTimestamp=0 appCompatTaskInfo=AppCompatTaskInfo { topActivityInSizeCompat=false eligibleForLetterboxEducation= false topActivityInMiuiSizeCompat=false isLetterboxEducationEnabled= false isLetterboxDoubleTapEnabled= false eligibleForUserAspectRatioButton= false topActivityBoundsLetterboxed= false isFromLetterboxDoubleTap= false topActivityLetterboxVerticalPosition= -1 topActivityLetterboxHorizontalPosition= -1 topActivityLetterboxWidth=-1 topActivityLetterboxHeight=-1 topActivityAppBounds=Rect(0, 68 - 720, 1583) isUserFullscreenOverrideEnabled=false isSystemFullscreenOverrideEnabled=false hasMinAspectRatioOverride=false topActivityLetterboxBounds=null cameraCompatTaskInfo=CameraCompatTaskInfo { freeformCameraCompatMode=inactive}} isImmersive=false mTopActivityRequestOrientation=-2 mStatusBarParent=null mNavBarParent=null mBehindAppLockPkg=null mOriginatingUid=0 isEmbedded=false shouldBeVisible=true isCreatedByOrganizer=false mIsCastMode=false mTopActivityMediaSize=null mTopActivityRecordName=ActivityRecord{128163507 u0 com.example.launcher/.MainActivity t1000048} mTopActivityOrientation=-2 topActivityMainWindowFrame=null}, pipChange = null, remoteTransition = null, displayChange = null, flags = 0, debugId = 208 }
05-11 08:28:26.806 28857 28873 V WindowManager:         {WCT{RemoteToken{f0494a7 Task{90311df #1000047 type=standard A=10514:com.example.launcher}}} m=TO_BACK f=NONE leash=Surface(name=Task=1000047#169847)/@0x83c687e sb=Rect(0, 0 - 720, 1640) eb=Rect(0, 0 - 720, 1640) epz=Point(720, 1640) d=0 taskParent=-1 v=falseMiuiChangeImpl {miuiEmbedding:false, scale:1.0}},
05-11 08:28:26.806 28857 28887 D BarFollowAnimation: pairAppearanceRegionAndWin win=Window{406e930 u0 com.example.launcher/com.example.launcher.MainActivity} 0
05-11 08:28:26.807 28857 28887 D BarFollowAnimation: isAppTaskBarOnTop win:Window{406e930 u0 com.example.launcher/com.example.launcher.MainActivity} (mCurrentTopTask:Task{90311df #1000047 type=standard A=10514:com.example.launcher} : false); (mAssociatedTask:Task{90311df #1000047 type=standard A=10514:com.example.launcher} : false); (mHomeTask:Task{49954d6 #1 type=home} : true); mReparentToOriginParent:false mLastAppBarVisible:false mLastHomeBarVisible:true
05-11 08:28:26.807 28857 28887 D WindowManager: updateSystemBarAttributes displayId: 0 Window{406e930 u0 com.example.launcher/com.example.launcher.MainActivity} winAppearance=
05-11 08:28:26.808 28857 28884 D WmSystemUiDebug: on system bar attributes changed displayId=0 appearance= appearanceRegions=[AppearanceRegion{ bounds=[0,0][720,1640]}] navbarColorManagedByIme=false behavior=1 requestedVisibleTypes=[statusBars navigationBars captionBar systemGestures mandatorySystemGestures tappableElement displayCutout windowDecor systemOverlays] packageName=com.example.launcher letterboxDetails=[]
05-11 08:28:26.813 29738 29843 D MiuiDecorationHomeController: relayout::taskId=1, userId=0, visible=true, bounds=Rect(0, 0 - 720, 1640), focused=true, activityType=2, displayId=0, baseActivity=ComponentInfo{com.miui.home/com.miui.home.launcher.Launcher}, topActivity=ComponentInfo{com.example.launcher/com.example.launcher.MainActivity}, callers=com.android.wm.shell.multitasking.miuimultiwinswitch.miuiwindowdecor.decoration.MiuiDecorationController.relayout:4 com.android.wm.shell.multitasking.miuimultiwinswitch.miuiwindowdecor.MulWinSwitchDecorViewModel.onTaskInfoChanged:18 com.android.wm.shell.multitasking.common.taskmanager.MultiTaskingTaskListener.onTaskInfoChanged:47 com.android.wm.shell.ShellTaskOrganizer.onTaskInfoChanged:136 android.window.TaskOrganizer$1.lambda$onTaskInfoChanged$6:300 
05-11 08:28:26.821 28857 30909 D ActivityTaskManager:  setSkipCaptureLayers tr: Task{90311df #1000047 type=standard A=10514:com.example.launcher}
05-11 08:28:26.829 28857 29055 D InputTransport: channel '406e930 com.example.launcher/com.example.launcher.MainActivity' publisher ~ publishFocusEvent: seq=296689, id=2093510260, hasFocus=true
05-11 08:28:26.829 28857 29055 D InputTransport: channel '406e930 com.example.launcher/com.example.launcher.MainActivity' ~ sent message of type FOCUS, seq=296689
05-11 08:28:26.830  6710  6710 D InputTransport: channel '406e930 com.example.launcher/com.example.launcher.MainActivity' consumer ~ consume: consumeBatches=false, frameTime=-1
05-11 08:28:26.830  6710  6710 D InputTransport: channel '406e930 com.example.launcher/com.example.launcher.MainActivity' ~ received message of type FOCUS, seq=296689
05-11 08:28:26.831  6710  6710 D InputTransport: channel '406e930 com.example.launcher/com.example.launcher.MainActivity' consumer ~ sendFinishedSignal: seq=296689, handled=true
05-11 08:28:26.831  6710  6710 D InputTransport: channel '406e930 com.example.launcher/com.example.launcher.MainActivity' ~ sent message of type FINISHED, seq=296689
05-11 08:28:26.831  6710  6710 D InputTransport: channel '406e930 com.example.launcher/com.example.launcher.MainActivity' consumer ~ consume: consumeBatches=false, frameTime=-1
05-11 08:28:26.831  6710  6710 D InputTransport: channel '406e930 com.example.launcher/com.example.launcher.MainActivity' ~ receive message failed, errno=11
05-11 08:28:26.831 28857 29055 D InputTransport: channel '406e930 com.example.launcher/com.example.launcher.MainActivity' ~ received message of type FINISHED, seq=296689
05-11 08:28:26.831 28857 29055 D InputTransport: channel '406e930 com.example.launcher/com.example.launcher.MainActivity' publisher ~ receiveConsumerResponse: finished: seq=296689, handled=true
05-11 08:28:26.831 28857 29055 D InputTransport: channel '406e930 com.example.launcher/com.example.launcher.MainActivity' ~ receive message failed, errno=11
05-11 08:28:26.831 28857 29055 D InputTransport: channel '406e930 com.example.launcher/com.example.launcher.MainActivity' publisher ~ publishKeyEvent: seq=296690, id=-565442933, deviceId=-1, source=KEYBOARD, action=DOWN, flags=0x48, keyCode=BACK, scanCode=0, metaState=0x0, repeatCount=0,downTime=562819111000000, eventTime=562819111000000
05-11 08:28:26.831 28857 29055 D InputTransport: channel '406e930 com.example.launcher/com.example.launcher.MainActivity' ~ sent message of type KEY, seq=296690
05-11 08:28:26.831 28857 29055 I MIUIInput: [KeyEvent] publisher action:0x0,  keyCode:4 , deviceId=-1, 562819111,channel '406e930 com.example.launcher/com.example.launcher.MainActivity' 
05-11 08:28:26.832  6710  6710 D InputTransport: channel '406e930 com.example.launcher/com.example.launcher.MainActivity' consumer ~ consume: consumeBatches=false, frameTime=-1
05-11 08:28:26.832  6710  6710 D InputTransport: channel '406e930 com.example.launcher/com.example.launcher.MainActivity' ~ received message of type KEY, seq=296690
05-11 08:28:26.832  6710  6710 D InputTransport: channel '406e930 com.example.launcher/com.example.launcher.MainActivity' consumer ~ consumed key event, seq=296690
05-11 08:28:26.836  6710  6710 I MIUIInput: [KeyEvent] ViewRootImpl windowName 'com.example.launcher/com.example.launcher.MainActivity', KeyEvent { action=ACTION_DOWN, keyCode=KEYCODE_BACK, scanCode=0, metaState=0, flags=0x48, repeatCount=0, eventTime=562819111000000, downTime=562819111000000, deviceId=-1, source=0x101, displayId=0 }, phoneEventTime=08:28:26.563
05-11 08:28:26.841 28857 29065 I ImeTracker: com.example.launcher:7739eb7f: onRequestHide at ORIGIN_SERVER reason HIDE_UNSPECIFIED_WINDOW fromUser false
05-11 08:28:26.844  6710  6710 D InputTransport: channel '406e930 com.example.launcher/com.example.launcher.MainActivity' consumer ~ sendFinishedSignal: seq=296690, handled=true
05-11 08:28:26.844  6710  6710 D InputTransport: channel '406e930 com.example.launcher/com.example.launcher.MainActivity' ~ sent message of type FINISHED, seq=296690
05-11 08:28:26.844  6710  6710 D InputTransport: channel '406e930 com.example.launcher/com.example.launcher.MainActivity' consumer ~ consume: consumeBatches=false, frameTime=-1
05-11 08:28:26.844  6710  6710 D InputTransport: channel '406e930 com.example.launcher/com.example.launcher.MainActivity' ~ receive message failed, errno=11
05-11 08:28:26.848 19640 19640 I GoogleInputMethodService: GoogleInputMethodService.onStartInput():1446 onStartInput(EditorInfo{EditorInfo{packageName=com.example.launcher, inputType=0, inputTypeString=NULL, enableLearning=false, autoCorrection=false, autoComplete=false, imeOptions=0, privateImeOptions=null, actionName=UNSPECIFIED, actionLabel=null, initialSelStart=-1, initialSelEnd=-1, initialCapsMode=0, label=null, fieldId=0, fieldName=null, extras=Bundle[mParcelledData.dataSize=72], hintText=null, hintLocales=[]}}, false)
05-11 08:28:26.849 28857 28887 D BarFollowAnimation: pairAppearanceRegionAndWin win=Window{406e930 u0 com.example.launcher/com.example.launcher.MainActivity} 0
05-11 08:28:26.850 28857 28887 D BarFollowAnimation: isAppTaskBarOnTop win:Window{406e930 u0 com.example.launcher/com.example.launcher.MainActivity} (mCurrentTopTask:Task{90311df #1000047 type=standard A=10514:com.example.launcher} : false); (mAssociatedTask:Task{90311df #1000047 type=standard A=10514:com.example.launcher} : false); (mHomeTask:Task{49954d6 #1 type=home} : true); mReparentToOriginParent:false mLastAppBarVisible:false mLastHomeBarVisible:true
05-11 08:28:26.859 28857 31830 W PackageConfigPersister: App-specific configuration not found for packageName: com.example.launcher and userId: 0
05-11 08:28:26.958 28857 29055 D InputTransport: channel '406e930 com.example.launcher/com.example.launcher.MainActivity' ~ received message of type FINISHED, seq=296690
05-11 08:28:26.958 28857 29055 D InputTransport: channel '406e930 com.example.launcher/com.example.launcher.MainActivity' publisher ~ receiveConsumerResponse: finished: seq=296690, handled=true
05-11 08:28:26.958 28857 29055 D InputTransport: channel '406e930 com.example.launcher/com.example.launcher.MainActivity' ~ receive message failed, errno=11
05-11 08:28:26.958 28857 29055 D InputTransport: channel '406e930 com.example.launcher/com.example.launcher.MainActivity' publisher ~ publishKeyEvent: seq=296692, id=-597997618, deviceId=-1, source=KEYBOARD, action=UP, flags=0x48, keyCode=BACK, scanCode=0, metaState=0x0, repeatCount=0,downTime=562819111000000, eventTime=562819225000000
05-11 08:28:26.958 28857 29055 D InputTransport: channel '406e930 com.example.launcher/com.example.launcher.MainActivity' ~ sent message of type KEY, seq=296692
05-11 08:28:26.958 28857 29055 I MIUIInput: [KeyEvent] publisher action:0x1,  keyCode:4 , deviceId=-1, 562819225,channel '406e930 com.example.launcher/com.example.launcher.MainActivity' 
05-11 08:28:27.013  6710  6710 D InputTransport: channel '406e930 com.example.launcher/com.example.launcher.MainActivity' consumer ~ consume: consumeBatches=false, frameTime=-1
05-11 08:28:27.014  6710  6710 D InputTransport: channel '406e930 com.example.launcher/com.example.launcher.MainActivity' ~ received message of type KEY, seq=296692
05-11 08:28:27.014  6710  6710 D InputTransport: channel '406e930 com.example.launcher/com.example.launcher.MainActivity' consumer ~ consumed key event, seq=296692
05-11 08:28:27.016  6710  6710 I MIUIInput: [KeyEvent] ViewRootImpl windowName 'com.example.launcher/com.example.launcher.MainActivity', KeyEvent { action=ACTION_UP, keyCode=KEYCODE_BACK, scanCode=0, metaState=0, flags=0x48, repeatCount=0, eventTime=562819225000000, downTime=562819111000000, deviceId=-1, source=0x101, displayId=0 }, phoneEventTime=08:28:26.677
05-11 08:28:27.018  6710  6710 D InputTransport: channel '406e930 com.example.launcher/com.example.launcher.MainActivity' consumer ~ sendFinishedSignal: seq=296692, handled=true
05-11 08:28:27.018  6710  6710 D InputTransport: channel '406e930 com.example.launcher/com.example.launcher.MainActivity' ~ sent message of type FINISHED, seq=296692
05-11 08:28:27.018  6710  6710 D InputTransport: channel '406e930 com.example.launcher/com.example.launcher.MainActivity' consumer ~ consume: consumeBatches=false, frameTime=-1
05-11 08:28:27.018  6710  6710 D InputTransport: channel '406e930 com.example.launcher/com.example.launcher.MainActivity' ~ receive message failed, errno=11
05-11 08:28:27.026  6710  6710 D Activity: Activity = ActivityInfo{9c318a com.example.launcher.MainActivity}, Resume onConfigurationChanged = {0.9 639mcc2mnc [en_US] masculine ldltr sw600dp w600dp h1263dp 192dpi lrg long port uimode=12 finger -keyb/v/h -nav/h winConfig={ mBounds=Rect(0, 0 - 720, 1640) mAppBounds=Rect(0, 68 - 720, 1583) mMaxBounds=Rect(0, 0 - 720, 1640) mDisplayRotation=ROTATION_0 mWindowingMode=fullscreen mActivityType=home mAlwaysOnTop=undefined mRotation=ROTATION_0 mInSplitScreen=false letterBoxed=false foScaled=false isSpecificEmbedded=false embeddingScale=1.0} as.3 s.4 fontWeightAdjustment=0/d/0 themeChanged=0 themeChangedFlags=0 display=0 extraData = Bundle[{}] screenType=0/0}
05-11 08:28:27.026 28857 29055 D InputTransport: channel '406e930 com.example.launcher/com.example.launcher.MainActivity' ~ received message of type FINISHED, seq=296692
05-11 08:28:27.027 28857 31571 D AppLock_AccessControlImpl: activityResume packageName: com.example.launcher userId: 0 enabled: true
05-11 08:28:27.027 28857 29055 D InputTransport: channel '406e930 com.example.launcher/com.example.launcher.MainActivity' publisher ~ receiveConsumerResponse: finished: seq=296692, handled=true
05-11 08:28:27.027 28857 29055 D InputTransport: channel '406e930 com.example.launcher/com.example.launcher.MainActivity' ~ receive message failed, errno=11
05-11 08:28:27.045 29751 29751 D RecentsImpl: mActivityStateObserver com.example.launcher.MainActivity
05-11 08:28:27.045 29751 29751 W RecentsImpl: updateGestureWindowVisibleImpl, className=com.example.launcher.MainActivity
05-11 08:28:27.064  6710  6710 I ImeTracker: com.example.launcher:7739eb7f: onCancelled at PHASE_CLIENT_ALREADY_HIDDEN
05-11 08:28:27.129 28857 29902 D BarFollowAnimation: onTaskInfoChanedForCaptionBar Task{90311df #1000047 type=standard A=10514:com.example.launcher} shouldbeVisible:false isVisible:false isOnTop:false windowMode:1 preDisplayId:-1 displayId:0 mCaptionAssociatedTask:null mIsTouchedInCaption:false
05-11 08:28:27.131 28857 29902 I TransitionImpl: finishTransition: updateLastSurfacePosition tf=Task{62f730f #1000048 type=home A=10514:com.example.launcher nonResizable}
05-11 08:28:27.134 28857 29387 D BarFollowAnimation: checkBarStatus mReparentToOriginParent:false hasTopFullAppTask:false mHomeTask:Task{49954d6 #1 type=home} mCurrentTopTask: Task{90311df #1000047 type=standard A=10514:com.example.launcher} mAssociatedTask: Task{90311df #1000047 type=standard A=10514:com.example.launcher} homeTaskonTop:true mLastAppBarVisible:false mLastHomeBarVisible:true isInSplitScreen:false
05-11 08:28:27.155   967   967 I MTK_APPList: [notifyAPPstate] multi_resumed_app_info[1] com.example.launcher/com.example.launcher.MainActivity, pid:6710, activityId:128163507, fps:-1, isMultiWindow:1
05-11 08:28:27.164   967   967 I MTK_APPList: [notifyAPPstate] multi_resumed_app_info[1] com.example.launcher/com.example.launcher.MainActivity, pid:6710, activityId:128163507, fps:-1, isMultiWindow:1
05-11 08:28:27.186 29738 29843 D MiuiDecorationController: relayout::taskId=1000047, visible=false, bounds=Rect(0, 0 - 720, 1640), focused=false, oldImmersive=false, newImmersive=false, windowMode=1, activityType=1, displayId=0, baseActivity=ComponentInfo{com.example.launcher/com.example.launcher.MainActivity}, topActivity=ComponentInfo{com.google.android.permissioncontroller/com.android.permissioncontroller.role.ui.DefaultAppActivity}, callers=com.android.wm.shell.multitasking.miuimultiwinswitch.miuiwindowdecor.decoration.MiuiDecorationController.relayout:4 com.android.wm.shell.multitasking.miuimultiwinswitch.miuiwindowdecor.MulWinSwitchDecorViewModel.onTaskInfoChanged:18 com.android.wm.shell.multitasking.common.taskmanager.MultiTaskingTaskListener.onTaskInfoChanged:47 com.android.wm.shell.ShellTaskOrganizer.onTaskInfoChanged:136 android.window.TaskOrganizer$1.lambda$onTaskInfoChanged$6:300 
05-11 08:28:27.191 28857 29902 D BarFollowAnimation: pairAppearanceRegionAndWin win=Window{406e930 u0 com.example.launcher/com.example.launcher.MainActivity} 0
05-11 08:28:27.191 28857 29902 D BarFollowAnimation: isAppTaskBarOnTop win:Window{406e930 u0 com.example.launcher/com.example.launcher.MainActivity} (mCurrentTopTask:Task{90311df #1000047 type=standard A=10514:com.example.launcher} : false); (mAssociatedTask:Task{90311df #1000047 type=standard A=10514:com.example.launcher} : false); (mHomeTask:Task{49954d6 #1 type=home} : true); mReparentToOriginParent:false mLastAppBarVisible:false mLastHomeBarVisible:true
05-11 08:28:27.232 28857 30013 D BarFollowAnimation: pairAppearanceRegionAndWin win=Window{406e930 u0 com.example.launcher/com.example.launcher.MainActivity} 0
05-11 08:28:27.233 28857 30013 D BarFollowAnimation: isAppTaskBarOnTop win:Window{406e930 u0 com.example.launcher/com.example.launcher.MainActivity} (mCurrentTopTask:Task{90311df #1000047 type=standard A=10514:com.example.launcher} : false); (mAssociatedTask:Task{90311df #1000047 type=standard A=10514:com.example.launcher} : false); (mHomeTask:Task{49954d6 #1 type=home} : true); mReparentToOriginParent:false mLastAppBarVisible:false mLastHomeBarVisible:true
05-11 08:28:27.250 28857 30004 D BarFollowAnimation: pairAppearanceRegionAndWin win=Window{406e930 u0 com.example.launcher/com.example.launcher.MainActivity} 0
05-11 08:28:27.250 28857 30004 D BarFollowAnimation: isAppTaskBarOnTop win:Window{406e930 u0 com.example.launcher/com.example.launcher.MainActivity} (mCurrentTopTask:Task{90311df #1000047 type=standard A=10514:com.example.launcher} : false); (mAssociatedTask:Task{90311df #1000047 type=standard A=10514:com.example.launcher} : false); (mHomeTask:Task{49954d6 #1 type=home} : true); mReparentToOriginParent:false mLastAppBarVisible:false mLastHomeBarVisible:true
05-11 08:28:27.256 29738 29843 D MiuiDecorationHomeController: relayout::taskId=1, userId=0, visible=true, bounds=Rect(0, 0 - 720, 1640), focused=true, activityType=2, displayId=0, baseActivity=ComponentInfo{com.miui.home/com.miui.home.launcher.Launcher}, topActivity=ComponentInfo{com.example.launcher/com.example.launcher.MainActivity}, callers=com.android.wm.shell.multitasking.miuimultiwinswitch.miuiwindowdecor.decoration.MiuiDecorationController.relayout:4 com.android.wm.shell.multitasking.miuimultiwinswitch.miuiwindowdecor.MulWinSwitchDecorViewModel.onTaskInfoChanged:18 com.android.wm.shell.multitasking.common.taskmanager.MultiTaskingTaskListener.onTaskInfoChanged:47 com.android.wm.shell.ShellTaskOrganizer.onTaskInfoChanged:136 android.window.TaskOrganizer$1.lambda$onTaskInfoChanged$6:300 
05-11 08:28:27.261 28857 31830 D BarFollowAnimation: pairAppearanceRegionAndWin win=Window{406e930 u0 com.example.launcher/com.example.launcher.MainActivity} 0
05-11 08:28:27.261 28857 31830 D BarFollowAnimation: isAppTaskBarOnTop win:Window{406e930 u0 com.example.launcher/com.example.launcher.MainActivity} (mCurrentTopTask:Task{90311df #1000047 type=standard A=10514:com.example.launcher} : false); (mAssociatedTask:Task{90311df #1000047 type=standard A=10514:com.example.launcher} : false); (mHomeTask:Task{49954d6 #1 type=home} : true); mReparentToOriginParent:false mLastAppBarVisible:false mLastHomeBarVisible:true
05-11 08:28:28.141  1020  1020 I BufferQueueProducer: [com.example.launcher/com.example.launcher.MainActivity#169915](this:0xb4000071e8eab6a0,id:-1,api:0,p:-1,c:1020) queueBuffer: fps=1.47 dur=1362.25 max=846.60 min=515.65
05-11 08:28:29.389  1020  1020 I BufferQueueProducer: [com.example.launcher/com.example.launcher.MainActivity#169915](this:0xb4000071e8eab6a0,id:-1,api:0,p:-1,c:1020) queueBuffer: fps=2.40 dur=1247.89 max=432.55 min=399.36
05-11 08:28:29.541   967   967 I MTK_APPList: [notifyAPPstate] multi_resumed_app_info[1] com.example.launcher/com.example.launcher.MainActivity, pid:6710, activityId:128163507, fps:-1, isMultiWindow:1
05-11 08:28:30.276   967   967 I MTK_APPList: [notifyAPPstate] multi_resumed_app_info[1] com.example.launcher/com.example.launcher.MainActivity, pid:6710, activityId:128163507, fps:-1, isMultiWindow:1
05-11 08:28:30.579 28857 31571 D PerfShielderService: com.example.launcher|com.example.launcher/com.example.launcher.MainActivity|661|562822428197236|346|0|3
05-11 08:28:30.581 31398 31426 W MiuiPerfServiceClient: interceptAndQueuing:6710|com.example.launcher|661|346|562822428197236|Slow main thread|3
05-11 08:28:30.587  1020  1020 I BufferQueueProducer: [com.example.launcher/com.example.launcher.MainActivity#169915](this:0xb4000071e8eab6a0,id:-1,api:0,p:-1,c:1020) queueBuffer: fps=2.50 dur=1198.71 max=698.57 min=167.34
05-11 08:28:30.809 28857 29055 D InputTransport: channel '406e930 com.example.launcher/com.example.launcher.MainActivity' publisher ~ publishKeyEvent: seq=296719, id=-711346164, deviceId=-1, source=KEYBOARD, action=DOWN, flags=0x48, keyCode=BACK, scanCode=0, metaState=0x0, repeatCount=0,downTime=562823272000000, eventTime=562823272000000
05-11 08:28:30.809 28857 29055 D InputTransport: channel '406e930 com.example.launcher/com.example.launcher.MainActivity' ~ sent message of type KEY, seq=296719
05-11 08:28:30.809 28857 29055 I MIUIInput: [KeyEvent] publisher action:0x0,  keyCode:4 , deviceId=-1, 562823272,channel '406e930 com.example.launcher/com.example.launcher.MainActivity' 
05-11 08:28:30.810  6710  6710 D InputTransport: channel '406e930 com.example.launcher/com.example.launcher.MainActivity' consumer ~ consume: consumeBatches=false, frameTime=-1
05-11 08:28:30.810  6710  6710 D InputTransport: channel '406e930 com.example.launcher/com.example.launcher.MainActivity' ~ received message of type KEY, seq=296719
05-11 08:28:30.810  6710  6710 D InputTransport: channel '406e930 com.example.launcher/com.example.launcher.MainActivity' consumer ~ consumed key event, seq=296719
05-11 08:28:30.813  6710  6710 I MIUIInput: [KeyEvent] ViewRootImpl windowName 'com.example.launcher/com.example.launcher.MainActivity', KeyEvent { action=ACTION_DOWN, keyCode=KEYCODE_BACK, scanCode=0, metaState=0, flags=0x48, repeatCount=0, eventTime=562823272000000, downTime=562823272000000, deviceId=-1, source=0x101, displayId=0 }, phoneEventTime=08:28:30.724
05-11 08:28:30.814  6710  6710 D InputTransport: channel '406e930 com.example.launcher/com.example.launcher.MainActivity' consumer ~ consume: consumeBatches=false, frameTime=-1
05-11 08:28:30.814  6710  6710 D InputTransport: channel '406e930 com.example.launcher/com.example.launcher.MainActivity' ~ receive message failed, errno=11
05-11 08:28:30.816  6710  6710 D InputTransport: channel '406e930 com.example.launcher/com.example.launcher.MainActivity' consumer ~ sendFinishedSignal: seq=296719, handled=true
05-11 08:28:30.816  6710  6710 D InputTransport: channel '406e930 com.example.launcher/com.example.launcher.MainActivity' ~ sent message of type FINISHED, seq=296719
05-11 08:28:30.821 28857 29055 D InputTransport: channel '406e930 com.example.launcher/com.example.launcher.MainActivity' ~ received message of type FINISHED, seq=296719
05-11 08:28:30.821 28857 29055 D InputTransport: channel '406e930 com.example.launcher/com.example.launcher.MainActivity' publisher ~ receiveConsumerResponse: finished: seq=296719, handled=true
05-11 08:28:30.821 28857 29055 D InputTransport: channel '406e930 com.example.launcher/com.example.launcher.MainActivity' ~ receive message failed, errno=11
05-11 08:28:30.821 28857 29055 D InputTransport: channel '406e930 com.example.launcher/com.example.launcher.MainActivity' publisher ~ publishKeyEvent: seq=296721, id=-670093580, deviceId=-1, source=KEYBOARD, action=UP, flags=0x48, keyCode=BACK, scanCode=0, metaState=0x0, repeatCount=0,downTime=562823272000000, eventTime=562823353000000
05-11 08:28:30.821 28857 29055 D InputTransport: channel '406e930 com.example.launcher/com.example.launcher.MainActivity' ~ sent message of type KEY, seq=296721
05-11 08:28:30.821 28857 29055 I MIUIInput: [KeyEvent] publisher action:0x1,  keyCode:4 , deviceId=-1, 562823353,channel '406e930 com.example.launcher/com.example.launcher.MainActivity' 
05-11 08:28:30.821  6710  6710 D InputTransport: channel '406e930 com.example.launcher/com.example.launcher.MainActivity' consumer ~ consume: consumeBatches=false, frameTime=-1
05-11 08:28:30.821  6710  6710 D InputTransport: channel '406e930 com.example.launcher/com.example.launcher.MainActivity' ~ received message of type KEY, seq=296721
05-11 08:28:30.822  6710  6710 D InputTransport: channel '406e930 com.example.launcher/com.example.launcher.MainActivity' consumer ~ consumed key event, seq=296721
05-11 08:28:30.823  6710  6710 I MIUIInput: [KeyEvent] ViewRootImpl windowName 'com.example.launcher/com.example.launcher.MainActivity', KeyEvent { action=ACTION_UP, keyCode=KEYCODE_BACK, scanCode=0, metaState=0, flags=0x48, repeatCount=0, eventTime=562823353000000, downTime=562823272000000, deviceId=-1, source=0x101, displayId=0 }, phoneEventTime=08:28:30.805
05-11 08:28:30.824  6710  6710 D InputTransport: channel '406e930 com.example.launcher/com.example.launcher.MainActivity' consumer ~ consume: consumeBatches=false, frameTime=-1
05-11 08:28:30.824  6710  6710 D InputTransport: channel '406e930 com.example.launcher/com.example.launcher.MainActivity' ~ receive message failed, errno=11
05-11 08:28:30.825  6710  6710 D InputTransport: channel '406e930 com.example.launcher/com.example.launcher.MainActivity' consumer ~ sendFinishedSignal: seq=296721, handled=true
05-11 08:28:30.826  6710  6710 D InputTransport: channel '406e930 com.example.launcher/com.example.launcher.MainActivity' ~ sent message of type FINISHED, seq=296721
05-11 08:28:30.826 28857 29055 D InputTransport: channel '406e930 com.example.launcher/com.example.launcher.MainActivity' ~ received message of type FINISHED, seq=296721
05-11 08:28:30.826 28857 29055 D InputTransport: channel '406e930 com.example.launcher/com.example.launcher.MainActivity' publisher ~ receiveConsumerResponse: finished: seq=296721, handled=true
05-11 08:28:30.826 28857 29055 D InputTransport: channel '406e930 com.example.launcher/com.example.launcher.MainActivity' ~ receive message failed, errno=11
05-11 08:28:30.955 28857 29055 D InputTransport: channel '406e930 com.example.launcher/com.example.launcher.MainActivity' publisher ~ publishKeyEvent: seq=296738, id=-341472224, deviceId=-1, source=KEYBOARD, action=DOWN, flags=0x48, keyCode=BACK, scanCode=0, metaState=0x0, repeatCount=0,downTime=562823421000000, eventTime=562823421000000
05-11 08:28:30.955 28857 29055 D InputTransport: channel '406e930 com.example.launcher/com.example.launcher.MainActivity' ~ sent message of type KEY, seq=296738
05-11 08:28:30.955 28857 29055 I MIUIInput: [KeyEvent] publisher action:0x0,  keyCode:4 , deviceId=-1, 562823421,channel '406e930 com.example.launcher/com.example.launcher.MainActivity' 
05-11 08:28:30.956  6710  6710 D InputTransport: channel '406e930 com.example.launcher/com.example.launcher.MainActivity' consumer ~ consume: consumeBatches=false, frameTime=-1
05-11 08:28:30.956  6710  6710 D InputTransport: channel '406e930 com.example.launcher/com.example.launcher.MainActivity' ~ received message of type KEY, seq=296738
05-11 08:28:30.956  6710  6710 D InputTransport: channel '406e930 com.example.launcher/com.example.launcher.MainActivity' consumer ~ consumed key event, seq=296738
05-11 08:28:30.959  6710  6710 I MIUIInput: [KeyEvent] ViewRootImpl windowName 'com.example.launcher/com.example.launcher.MainActivity', KeyEvent { action=ACTION_DOWN, keyCode=KEYCODE_BACK, scanCode=0, metaState=0, flags=0x48, repeatCount=0, eventTime=562823421000000, downTime=562823421000000, deviceId=-1, source=0x101, displayId=0 }, phoneEventTime=08:28:30.873
05-11 08:28:30.960  6710  6710 D InputTransport: channel '406e930 com.example.launcher/com.example.launcher.MainActivity' consumer ~ consume: consumeBatches=false, frameTime=-1
05-11 08:28:30.960  6710  6710 D InputTransport: channel '406e930 com.example.launcher/com.example.launcher.MainActivity' ~ receive message failed, errno=11
05-11 08:28:30.963  6710  6710 D InputTransport: channel '406e930 com.example.launcher/com.example.launcher.MainActivity' consumer ~ sendFinishedSignal: seq=296738, handled=true
05-11 08:28:30.963  6710  6710 D InputTransport: channel '406e930 com.example.launcher/com.example.launcher.MainActivity' ~ sent message of type FINISHED, seq=296738
05-11 08:28:30.964 28857 29055 D InputTransport: channel '406e930 com.example.launcher/com.example.launcher.MainActivity' ~ received message of type FINISHED, seq=296738
05-11 08:28:30.964 28857 29055 D InputTransport: channel '406e930 com.example.launcher/com.example.launcher.MainActivity' publisher ~ receiveConsumerResponse: finished: seq=296738, handled=true
05-11 08:28:30.964 28857 29055 D InputTransport: channel '406e930 com.example.launcher/com.example.launcher.MainActivity' ~ receive message failed, errno=11
