05-11 08:28:13.146  1020  2253 D MI-SF   : updateScene: module = 258 (TpIdle), value = 0, pkg = com.example.launcher
05-11 08:28:13.156  6710  6838 D MMUD    : mtk_memory_debug_init com.example.launcher 0xb4000078117835d0
05-11 08:28:13.160 28857 28887 D BarFollowAnimation: isAppTaskBarOnTop win:Window{1cdeb6e u0 com.miui.home/com.miui.home.launcher.Launcher} (mCurrentTopTask:Task{90311df #1000047 type=standard A=10514:com.example.launcher} : true); (mAssociatedTask:null : false); (mHomeTask:Task{49954d6 #1 type=home} : false); mReparentToOriginParent:true mLastAppBarVisible:false mLastHomeBarVisible:true
05-11 08:28:13.167 28857 28887 I BLASTSyncEngine: SyncGroup 205:  Unfinished container:Task{90311df #1000047 type=standard A=10514:com.example.launcher}
05-11 08:28:13.167 28857 28887 I BLASTSyncEngine: isActivitySyncFinished isSyncFinished false Task{90311df #1000047 type=standard A=10514:com.example.launcher}
05-11 08:28:13.243 28857 31830 D BarFollowAnimation: onTaskInfoChanedForCaptionBar Task{90311df #1000047 type=standard A=10514:com.example.launcher} shouldbeVisible:true isVisible:false isOnTop:true windowMode:1 preDisplayId:-1 displayId:0 mCaptionAssociatedTask:null mIsTouchedInCaption:false
05-11 08:28:13.265  6710  6710 D WmSystemUiDebug: set navigation bar color,Alpha=0.0, RGB:0,0,0 caller:com.example.launcher.MainActivity.onCreate:54 android.app.Activity.performCreate:9380 android.app.Activity.performCreate:9323 android.app.Instrumentation.callActivityOnCreate:1537 android.app.ActivityThread.performLaunchActivity:4685 android.app.ActivityThread.handleLaunchActivity:4932 android.app.servertransaction.LaunchActivityItem.execute:222 android.app.servertransaction.TransactionExecutor.executeNonLifecycleItem:136 android.app.servertransaction.TransactionExecutor.executeTransactionItems:106 android.app.servertransaction.TransactionExecutor.execute:83 
05-11 08:28:13.266 28857 28884 D BarFollowAnimation: isAppTaskBarOnTop win:Window{1cdeb6e u0 com.miui.home/com.miui.home.launcher.Launcher} (mCurrentTopTask:Task{90311df #1000047 type=standard A=10514:com.example.launcher} : true); (mAssociatedTask:null : false); (mHomeTask:Task{49954d6 #1 type=home} : false); mReparentToOriginParent:true mLastAppBarVisible:false mLastHomeBarVisible:true
05-11 08:28:13.271 28857 28884 I BLASTSyncEngine: SyncGroup 205:  Unfinished container:Task{90311df #1000047 type=standard A=10514:com.example.launcher}
05-11 08:28:13.271 28857 28884 I BLASTSyncEngine: isActivitySyncFinished isSyncFinished false Task{90311df #1000047 type=standard A=10514:com.example.launcher}
05-11 08:28:13.444 28857 28916 I ActivityManager: Start proc 6894:com.android.providers.calendar/u0a93 for content provider {com.android.providers.calendar/com.android.providers.calendar.CalendarProvider2} caller=com.example.launcher
05-11 08:28:13.640 28857 29419 D BarFollowAnimation: isAppTaskBarOnTop win:Window{1cdeb6e u0 com.miui.home/com.miui.home.launcher.Launcher} (mCurrentTopTask:Task{90311df #1000047 type=standard A=10514:com.example.launcher} : true); (mAssociatedTask:null : false); (mHomeTask:Task{49954d6 #1 type=home} : false); mReparentToOriginParent:true mLastAppBarVisible:false mLastHomeBarVisible:true
05-11 08:28:13.641 28857 29419 I BLASTSyncEngine: SyncGroup 205:  Unfinished container:Task{90311df #1000047 type=standard A=10514:com.example.launcher}
05-11 08:28:13.641 28857 29419 I BLASTSyncEngine: isActivitySyncFinished isSyncFinished false Task{90311df #1000047 type=standard A=10514:com.example.launcher}
05-11 08:28:13.676 28857 28887 D BarFollowAnimation: isAppTaskBarOnTop win:Window{1cdeb6e u0 com.miui.home/com.miui.home.launcher.Launcher} (mCurrentTopTask:Task{90311df #1000047 type=standard A=10514:com.example.launcher} : true); (mAssociatedTask:null : false); (mHomeTask:Task{49954d6 #1 type=home} : false); mReparentToOriginParent:true mLastAppBarVisible:false mLastHomeBarVisible:true
05-11 08:28:13.678 28857 28887 I BLASTSyncEngine: SyncGroup 205:  Unfinished container:Task{90311df #1000047 type=standard A=10514:com.example.launcher}
05-11 08:28:13.678 28857 28887 I BLASTSyncEngine: isActivitySyncFinished isSyncFinished false Task{90311df #1000047 type=standard A=10514:com.example.launcher}
05-11 08:28:14.356  6710  6710 E HomeViewModel: 	at com.example.launcher.ui.HomeViewModel.startOllamaBackend(HomeViewModel.kt:1412)
05-11 08:28:14.356  6710  6710 E HomeViewModel: 	at com.example.launcher.ui.HomeViewModel.<init>(HomeViewModel.kt:256)
05-11 08:28:14.356  6710  6710 E HomeViewModel: 	at com.example.launcher.MainActivity.onCreate(MainActivity.kt:63)
05-11 08:28:14.390 28857 29419 I ActivityStarterImpl:    ChangeInfo{e0a0073 container=ActivityRecord{122063417 u0 com.example.launcher/.MainActivity t1000047} flags=0x0}
05-11 08:28:14.390 28857 29419 I ActivityStarterImpl:    ChangeInfo{7fa30cf container=Task{90311df #1000047 type=standard A=10514:com.example.launcher} flags=0x0}
05-11 08:28:14.392 28857 29419 I ActivityStarterImpl: avoidMoveToFront r.packageName = com.google.android.permissioncontroller r.launchedFromPackage = com.example.launcher isToBackByHome = false sourceTask = Task{90311df #1000047 type=standard A=10514:com.example.launcher} task = null isSourceTaskToBackByHome = false r = ActivityRecord{232387964 u0 com.google.android.permissioncontroller/com.android.permissioncontroller.permission.ui.GrantPermissionsActivity t-1} sourceRecord = ActivityRecord{122063417 u0 com.example.launcher/.MainActivity t1000047}
05-11 08:28:14.392 28857 29419 I ActivityStarterImpl: reset toBackByHomeState Task{90311df #1000047 type=standard A=10514:com.example.launcher}
05-11 08:28:14.393 28857 29419 D MiuiFreeformServiceImpl: addLaunchFreeformActivityOptionIfNeed skip due to not find sourceTask: null sourceFfas: null sourceFreeFormActivity: ActivityRecord{122063417 u0 com.example.launcher/.MainActivity t1000047}
05-11 08:28:14.407 28857 29419 D BarFollowAnimation: onTaskInfoChanedForCaptionBar Task{90311df #1000047 type=standard A=10514:com.example.launcher} shouldbeVisible:true isVisible:false isOnTop:true windowMode:1 preDisplayId:-1 displayId:0 mCaptionAssociatedTask:null mIsTouchedInCaption:false
05-11 08:28:14.407 28857 29419 D BarFollowAnimation: onTaskInfoChanedForCaptionBar Task{90311df #1000047 type=standard A=10514:com.example.launcher} shouldbeVisible:true isVisible:false isOnTop:true windowMode:1 preDisplayId:-1 displayId:0 mCaptionAssociatedTask:null mIsTouchedInCaption:false
05-11 08:28:14.429 28857 29419 D BarFollowAnimation: onTaskInfoChanedForCaptionBar Task{90311df #1000047 type=standard A=10514:com.example.launcher} shouldbeVisible:true isVisible:false isOnTop:true windowMode:1 preDisplayId:-1 displayId:0 mCaptionAssociatedTask:null mIsTouchedInCaption:false
05-11 08:28:14.429 28857 29419 D MiuiFreeFormManagerService: onStartActivityInner as = Task{90311df #1000047 type=standard A=10514:com.example.launcher} op = null
05-11 08:28:14.438 28857 29419 I PowerHalWrapper: amsBoostNotify pid:6710,activity:com.example.launcher.MainActivity, package:com.example.launcher, mProcessCreatePackcom.example.launcher 
05-11 08:28:14.439 28857 29419 I ScnModule: [GameDetection] requestedPermissions1/1:: com.example.launcher:: [android.permission.QUERY_ALL_PACKAGES, android.permission.BIND_APPWIDGET, android.permission.READ_EXTERNAL_STORAGE, android.permission.READ_MEDIA_IMAGES, android.permission.READ_MEDIA_AUDIO, android.permission.SET_WALLPAPER, android.permission.RECORD_AUDIO, android.permission.ACCESS_FINE_LOCATION, android.permission.ACCESS_COARSE_LOCATION, android.permission.INTERNET, android.permission.READ_CALENDAR, android.permission.READ_CONTACTS, com.termux.permission.RUN_COMMAND, android.permission.USE_BIOMETRIC, android.permission.USE_FINGERPRINT, android.permission.ACCESS_NETWORK_STATE, com.example.launcher.DYNAMIC_RECEIVER_NOT_EXPORTED_PERMISSION, android.permission.READ_MEDIA_VISUAL_USER_SELECTED] 
05-11 08:28:14.439 28857 29419 I ScnModule: [GameDetection] numOfPermissiom:: com.example.launcher:: 18 
05-11 08:28:14.439 28857 29419 I ScnModule: [GameDetection] inputPermissions:: com.example.launcher:: [0.0, 0.0, 0.0, 1.0, 0.0, 0.0, 0.0, 1.0, 0.0, 0.0, 1.0, 0.0, 0.0, 0.0, 1.0, 0.0, 0.0, 1.0, 0.0, 0.0, 0.0, 0.0, 0.0, 0.0, 1.0, 1.0, 0.0, 0.0, 0.0, 0.0, 1.0, 0.0, 0.0, 0.0, 1.0, 0.0, 0.0, 0.0, 0.0, 0.0, 0.0, 0.0, 1.0, 1.0, 0.0, 0.0, 0.0, 0.0, 0.0, 0.0, 0.0, 0.0, 0.0, 1.0, 0.0, 0.0, 1.0, 0.0, 0.0, 0.0, 0.0, 0.0, 0.0, 0.0, 0.0, 0.0, 1.0, 0.0, 0.0, 0.0, 0.0, 0.0, 0.0, 0.0, 0.0, 0.0, 0.0, 0.0, 0.0, 0.0, 0.0, 0.0, 0.0, 0.0, 0.0, 0.0, 0.0, 0.0, 0.0, 0.0, 0.0, 0.0, 0.0, 0.0, 0.0, 0.0, 0.0, 0.0, 0.0, 0.0, 0.0, 0.0, 0.0, 0.0, 0.0, 0.0, 0.0, 0.0, 0.0, 0.0, 0.0, 0.0, 0.0, 0.0, 0.0, 0.0, 0.0, 0.0, 0.0, 0.0, 0.0, 0.0, 0.0, 0.0, 0.0, 0.0, 0.0, 0.0, 0.0, 0.0, 0.0, 0.0, 0.0, 0.0, 0.0, 0.0, 0.0, 0.0, 0.0, 0.0, 0.0, 0.0, 0.0, 0.0, 0.0, 0.0, 0.0, 0.0, 0.0, 0.0, 0.0, 0.0, 0.0, 0.0, 0.0, 0.0, 0.0, 0.0, 0.0, 0.0, 0.0, 0.0, 0.0, 0.0, 0.0, 0.0, 0.0, 0.0, 0.0, 0.0, 0.0, 0.0, 0.0, 0.0, 0.0, 0.0, 0.0, 0.0, 0.0, 0.0, 0.0, 0.0, 0.0, 0.0, 0.0, 0.0, 0.0, 0.0, 0.0, 0.0, 0.0, 0.0, 0.0, 0.0, 0.0, 0.0, 0.0, 0.0, 0.0, 0.0] 
05-11 08:28:14.439 28857 29419 I ScnModule: [GameDetection] inputGameFeature:: com.example.launcher:: [-1.0774993, 0.0, 0.0, 0.0] 
05-11 08:28:14.441 28857 29419 I ScnModule: [GameDetection] GamePredictor:: com.example.launcher:: nonGame:57.9452,isGame:-60.6491 
05-11 08:28:14.441 28857 29419 I mtkpower_client: [PowerHal_Wrap_notifyAppState] com.example.launcher/com.example.launcher.MainActivity pid=6710 activityId:122063417 state:0
05-11 08:28:14.441   967   967 I vendor.mediatek.hardware.mtkpower_applist-service.mediatek: packName: com.example.launcher actName: com.example.launcher.MainActivity pid: 6710 activityId: 122063417 uid: 10514 state: 0
05-11 08:28:14.441   967   967 I MTK_APPList: [notifyAPPstate] com.example.launcher/com.example.launcher.MainActivity, pid=6710, activityId=122063417, uid=10514, state:PAUSED, fps:-1, win:1
05-11 08:28:14.444 28857 29419 D Transition: setReady 205 wc=Task{90311df #1000047 type=standard A=10514:com.example.launcher} ready=false
05-11 08:28:14.444 28857 29419 D WindowManager:    ChangeInfo{e0a0073 container=ActivityRecord{122063417 u0 com.example.launcher/.MainActivity t1000047} flags=0x0}
05-11 08:28:14.444 28857 29419 D WindowManager:    ChangeInfo{7fa30cf container=Task{90311df #1000047 type=standard A=10514:com.example.launcher} flags=0x0}
05-11 08:28:14.448 28857 29419 I ActivityStarterImpl: avoidMoveToFront r.packageName = com.google.android.permissioncontroller r.launchedFromPackage = com.example.launcher isToBackByHome = false sourceTask = Task{90311df #1000047 type=standard A=10514:com.example.launcher} task = Task{90311df #1000047 type=standard A=10514:com.example.launcher} isSourceTaskToBackByHome = false r = ActivityRecord{232387964 u0 com.google.android.permissioncontroller/com.android.permissioncontroller.permission.ui.GrantPermissionsActivity t1000047} sourceRecord = ActivityRecord{122063417 u0 com.example.launcher/.MainActivity t1000047}
05-11 08:28:14.448 28857 29419 I ActivityStarterImpl: reset toBackByHomeState Task{90311df #1000047 type=standard A=10514:com.example.launcher}
05-11 08:28:14.449 28857 29419 I ActivityStarterImpl: reset toBackByHomeState Task{90311df #1000047 type=standard A=10514:com.example.launcher}
05-11 08:28:14.451 28857 29419 D WindowManager:    ChangeInfo{e0a0073 container=ActivityRecord{122063417 u0 com.example.launcher/.MainActivity t1000047} flags=0x0}
05-11 08:28:14.451 28857 29419 D WindowManager:    ChangeInfo{7fa30cf container=Task{90311df #1000047 type=standard A=10514:com.example.launcher} flags=0x0}
05-11 08:28:14.452 28857 29419 D BarFollowAnimation: isAppTaskBarOnTop win:Window{1cdeb6e u0 com.miui.home/com.miui.home.launcher.Launcher} (mCurrentTopTask:Task{90311df #1000047 type=standard A=10514:com.example.launcher} : true); (mAssociatedTask:null : false); (mHomeTask:Task{49954d6 #1 type=home} : false); mReparentToOriginParent:true mLastAppBarVisible:false mLastHomeBarVisible:true
05-11 08:28:14.457 28857 29419 I ActivityTaskManager: START u0 {act=android.content.pm.action.REQUEST_PERMISSIONS xflg=0x4 pkg=com.google.android.permissioncontroller cmp=com.google.android.permissioncontroller/com.android.permissioncontroller.permission.ui.GrantPermissionsActivity (has extras)} with LAUNCH_MULTIPLE from uid 10514 from pid 6710 callingPackage com.example.launcher (rr=122063417) (BAL_ALLOW_VISIBLE_WINDOW) result code=0
05-11 08:28:14.500  6710  6710 W MessageMonitor: PerfMonitor: Slow Operation: Activity com.example.launcher/.MainActivity onCreate took 1252ms
05-11 08:28:14.513 28857 28916 I ActivityManager: Start proc 7062:com.google.android.permissioncontroller/u0a250 for next-top-activity {com.google.android.permissioncontroller/com.android.permissioncontroller.permission.ui.GrantPermissionsActivity} caller=com.example.launcher
05-11 08:28:14.524  6710  6710 D Activity: Activity = ActivityInfo{836e6a5 com.example.launcher.MainActivity}, Resume onConfigurationChanged = {0.9 639mcc2mnc [en_US] masculine ldltr sw600dp w600dp h1263dp 192dpi lrg long port uimode=12 finger -keyb/v/h -nav/h winConfig={ mBounds=Rect(0, 0 - 720, 1640) mAppBounds=Rect(0, 68 - 720, 1583) mMaxBounds=Rect(0, 0 - 720, 1640) mDisplayRotation=ROTATION_0 mWindowingMode=fullscreen mActivityType=standard mAlwaysOnTop=undefined mRotation=ROTATION_0 mInSplitScreen=false letterBoxed=false foScaled=false isSpecificEmbedded=false embeddingScale=1.0} as.3 s.3 fontWeightAdjustment=0/d/0 themeChanged=0 themeChangedFlags=0 display=0 extraData = Bundle[{}] screenType=0/0}
05-11 08:28:14.566 28857 30004 D AppLock_AccessControlImpl: activityResume packageName: com.example.launcher userId: 0 enabled: true
05-11 08:28:14.682 28857 29419 D BarFollowAnimation: isAppTaskBarOnTop win:Window{1cdeb6e u0 com.miui.home/com.miui.home.launcher.Launcher} (mCurrentTopTask:Task{90311df #1000047 type=standard A=10514:com.example.launcher} : true); (mAssociatedTask:null : false); (mHomeTask:Task{49954d6 #1 type=home} : false); mReparentToOriginParent:true mLastAppBarVisible:false mLastHomeBarVisible:true
05-11 08:28:14.759  6710  6710 I ForceDarkHelperStubImpl: setViewRootImplForceDark: false for com.example.launcher.MainActivity@2b1ae96, reason: DarkModeEnabled
05-11 08:28:14.761  6710  6710 I ViewRootImpl: com.example.launcher/com.example.launcher.MainActivity use first frame acceleration
05-11 08:28:14.765 28857 30010 D InputTransport: Input channel constructed: name='5de9c35 com.example.launcher/com.example.launcher.MainActivity', fd=1074
05-11 08:28:14.766 28857 30010 D InputTransport: Input channel constructed: name='5de9c35 com.example.launcher/com.example.launcher.MainActivity', fd=1075
05-11 08:28:14.766 28857 30010 D InputTransport: Input channel constructed: name='5de9c35 com.example.launcher/com.example.launcher.MainActivity', fd=1078
05-11 08:28:14.766 28857 30010 D InputTransport: Input channel destroyed: name='5de9c35 com.example.launcher/com.example.launcher.MainActivity', fd=1075
05-11 08:28:14.774 28857 30010 D InputTransport: Input channel destroyed: name='5de9c35 com.example.launcher/com.example.launcher.MainActivity', fd=1078
05-11 08:28:14.785 28857 28887 D BarFollowAnimation: isAppTaskBarOnTop win:Window{1cdeb6e u0 com.miui.home/com.miui.home.launcher.Launcher} (mCurrentTopTask:Task{90311df #1000047 type=standard A=10514:com.example.launcher} : true); (mAssociatedTask:null : false); (mHomeTask:Task{49954d6 #1 type=home} : false); mReparentToOriginParent:true mLastAppBarVisible:false mLastHomeBarVisible:true
05-11 08:28:14.797 29751 29751 D RecentsImpl: mActivityStateObserver com.example.launcher.MainActivity
05-11 08:28:14.797 29751 29751 W RecentsImpl: updateGestureWindowVisibleImpl, className=com.example.launcher.MainActivity
05-11 08:28:14.937 28857 28886 W ActivityTaskManager: Activity top resumed state loss timeout for ActivityRecord{122063417 u0 com.example.launcher/.MainActivity t1000047}
05-11 08:28:14.948 28857 28886 W ActivityTaskManager: Activity pause timeout for ActivityRecord{122063417 u0 com.example.launcher/.MainActivity t1000047}
05-11 08:28:14.957 28857 28886 D BarFollowAnimation: onTaskInfoChanedForCaptionBar Task{90311df #1000047 type=standard A=10514:com.example.launcher} shouldbeVisible:true isVisible:false isOnTop:true windowMode:1 preDisplayId:-1 displayId:0 mCaptionAssociatedTask:null mIsTouchedInCaption:false
05-11 08:28:14.957 28857 28886 D BarFollowAnimation: onTaskInfoChanedForCaptionBar Task{90311df #1000047 type=standard A=10514:com.example.launcher} shouldbeVisible:true isVisible:false isOnTop:true windowMode:1 preDisplayId:-1 displayId:0 mCaptionAssociatedTask:null mIsTouchedInCaption:false
05-11 08:28:14.970 28857 28886 D WindowManager:    ChangeInfo{e0a0073 container=ActivityRecord{122063417 u0 com.example.launcher/.MainActivity t1000047} flags=0x0}
05-11 08:28:14.970 28857 28886 D WindowManager:    ChangeInfo{7fa30cf container=Task{90311df #1000047 type=standard A=10514:com.example.launcher} flags=0x0}
05-11 08:28:14.972   967   967 I MTK_APPList: [notifyAPPstate] pc:1, com.example.launcher => com.google.android.permissioncontroller
05-11 08:28:14.976 28857 28886 D BarFollowAnimation: isAppTaskBarOnTop win:Window{1cdeb6e u0 com.miui.home/com.miui.home.launcher.Launcher} (mCurrentTopTask:Task{90311df #1000047 type=standard A=10514:com.example.launcher} : true); (mAssociatedTask:null : false); (mHomeTask:Task{49954d6 #1 type=home} : false); mReparentToOriginParent:true mLastAppBarVisible:false mLastHomeBarVisible:true
05-11 08:28:15.004  3345  3355 D PerfEngineController: ForegroundInfo{mForegroundPackageName='com.google.android.permissioncontroller', mForegroundUid=10250, mForegroundPid=7062, mForegroundDisplayId=0, mLastForegroundPackageName='com.example.launcher', mLastForegroundUid=10514, mLastForegroundPid=6710, mLastForegroundDisplayId=0, mMultiWindowForegroundPackageName='com.google.android.permissioncontroller', mMultiWindowForegroundUid=10250, mFlags=0}
05-11 08:28:15.035 32677  3692 I ProcessMonitor: onForegroundInfoChanged: ForegroundInfo{mForegroundPackageName='com.google.android.permissioncontroller', mForegroundUid=10250, mForegroundPid=7062, mForegroundDisplayId=0, mLastForegroundPackageName='com.example.launcher', mLastForegroundUid=10514, mLastForegroundPid=6710, mLastForegroundDisplayId=0, mMultiWindowForegroundPackageName='com.google.android.permissioncontroller', mMultiWindowForegroundUid=10250, mFlags=0}
05-11 08:28:15.123 28857 30004 D BarFollowAnimation: onTaskInfoChanedForCaptionBar Task{90311df #1000047 type=standard A=10514:com.example.launcher} shouldbeVisible:true isVisible:false isOnTop:true windowMode:1 preDisplayId:-1 displayId:0 mCaptionAssociatedTask:null mIsTouchedInCaption:false
05-11 08:28:15.313 28857 29355 I ShortcutService: Detected launcher: com.miui.home user: 0 from callingPackage: com.example.launcher u1000/28857
05-11 08:28:15.339 29738 29738 D DynamicIslandSafeguardsController: cancelDelayExitApp com.google.android.permissioncontroller com.example.launcher
05-11 08:28:15.353 29751 30408 W RecentsModel: getRunningTask   taskInfo=TaskInfo{userId=0 taskId=1000047 effectiveUid=10514 displayId=0 isRunning=true baseIntent=Intent { act=android.intent.action.MAIN cat=[android.intent.category.LAUNCHER] flg=0x10200000 cmp=com.example.launcher/.MainActivity } baseActivity=ComponentInfo{com.example.launcher/com.example.launcher.MainActivity} topActivity=ComponentInfo{com.google.android.permissioncontroller/com.android.permissioncontroller.permission.ui.GrantPermissionsActivity} origActivity=null realActivity=ComponentInfo{com.example.launcher/com.example.launcher.MainActivity} numActivities=2 lastActiveTime=780213370 supportsSplitScreenMultiWindow=true mSoScDisplayMode=-1 supportsMultiWindow=true resizeMode=1 isResizeable=true minWidth=-1 minHeight=-1 defaultMinSize=200 token=WCT{android.window.IWindowContainerToken$Stub$Proxy@a739c74} topActivityType=1 pictureInPictureParams=null shouldDockBigOverlays=false launchIntoPipHostTaskId=-1 lastParentTaskIdBeforePip=-1 displayCutoutSafeInsets=Rect(0, 68 - 0, 0) topActivityInfo=ActivityInfo{29d259d com.android.permissioncontroller.permission.ui.GrantPermissionsActivity} launchCookies=[] positionInParent=Point(0, 0) parentTaskId=-1 isFocused=true isVisible=false isVisibleRequested=true isTopActivityNoDisplay=false isSleeping=false locusId=null displayAreaFeatureId=1 isTopActivityTransparent=true isActivityStackTransparent=false lastNonFullscreenBounds=Rect(189, 465 - 531, 1185) capturedLink=null capturedLinkTimestamp=0 requestedVisibleTypes=-9 topActivityRequestOpenInBrowserEducationTimestamp=0 appCompatTaskInfo=AppCompatTaskInfo { topActivityInSizeCompat=false eligibleForLetterboxEducation= false topActivityInMiuiSizeCompat=false isLetterboxEducationEnabled= false isLetterboxDoubleTapEnabled= false eligibleForUserAspectRatioButton= false topActivityBoundsLetterboxed= false isFromLetterboxDoubleTap= false topActivityLetterboxVerticalPosition= -1 topActivityLetterboxHorizontalPosition= -1 topActivityLetterboxWidth=-1 topActivityLetterboxHeight=-1 topActivityAppBounds=Rect(0, 0 - 720, 1640) isUserFullscreenOverrideEnabled=false isSystemFullscreenOverrideEnabled=false hasMinAspectRatioOverride=false topActivityLetterboxBounds=null cameraCompatTaskInfo=CameraCompatTaskInfo { freeformCameraCompatMode=inactive}} isImmersive=false mTopActivityRequestOrientation=-1 mStatusBarParent=null mNavBarParent=null mBehindAppLockPkg=null mOriginatingUid=0 isEmbedded=false shouldBeVisible=true isCreatedByOrganizer=false mIsCastMode=false mTopActivityMediaSize=null mTopActivityRecordName=ActivityRecord{232387964 u0 com.google.android.permissioncontroller/com.android.permissioncontroller.permission.ui.GrantPermissionsActivity t1000047} mTopActivityOrientation=-1 topActivityMainWindowFrame=null}
05-11 08:28:15.359 29751 30408 E ActivityManagerWrapper:  mainTaskId=1000047   userId=0   windowMode=1   isExcludedFromRecents=false   baseIntent=Intent { act=android.intent.action.MAIN flag=270532608 cmp=ComponentInfo{com.example.launcher/com.example.launcher.MainActivity} }
05-11 08:28:15.363 29751 30408 D RecentsTaskLoader: reloadTasksData [TaskKey{id=1000047, stackId=0, baseIntent=Intent { act=android.intent.action.MAIN cat=[android.intent.category.LAUNCHER] flg=0x10200000 cmp=com.example.launcher/.MainActivity }, userId=0, lastActiveTime=780213052, windowingMode=1, isThumbnailBlur=false, isAccessLocked=false, isScreening=false, topActivity=ComponentInfo{com.google.android.permissioncontroller/com.android.permissioncontroller.permission.ui.GrantPermissionsActivity}, mHashCode=-271447343}, title=V-launcher, titleDescription=V-launcher, bounds=null, isLaunchTarget=true, isStackTask=true, isSystemApp=false, isDockable=true, baseActivity=ComponentInfo{com.example.launcher/com.example.launcher.MainActivity}, isLocked=false, mNeedHide=false, hasMultipleTasks=false, cti1Key=, cti2Key=, cti1Task=, cti2Task=] 
05-11 08:28:15.542 28857 29520 D BarFollowAnimation: isAppTaskBarOnTop win:Window{1cdeb6e u0 com.miui.home/com.miui.home.launcher.Launcher} (mCurrentTopTask:Task{90311df #1000047 type=standard A=10514:com.example.launcher} : true); (mAssociatedTask:null : false); (mHomeTask:Task{49954d6 #1 type=home} : false); mReparentToOriginParent:true mLastAppBarVisible:false mLastHomeBarVisible:true
05-11 08:28:15.552 28857 29520 D BarFollowAnimation: isAppTaskBarOnTop win:Window{d21786a u0 com.google.android.permissioncontroller/com.android.permissioncontroller.permission.ui.GrantPermissionsActivity} (mCurrentTopTask:Task{90311df #1000047 type=standard A=10514:com.example.launcher} : true); (mAssociatedTask:null : false); (mHomeTask:Task{49954d6 #1 type=home} : false); mReparentToOriginParent:true mLastAppBarVisible:false mLastHomeBarVisible:true
05-11 08:28:15.600 28857 28887 D BarFollowAnimation: isAppTaskBarOnTop win:Window{d21786a u0 com.google.android.permissioncontroller/com.android.permissioncontroller.permission.ui.GrantPermissionsActivity} (mCurrentTopTask:Task{90311df #1000047 type=standard A=10514:com.example.launcher} : true); (mAssociatedTask:null : false); (mHomeTask:Task{49954d6 #1 type=home} : false); mReparentToOriginParent:true mLastAppBarVisible:false mLastHomeBarVisible:true
05-11 08:28:15.609 28857 28887 I BLASTSyncEngine: SyncGroup 205:  Unfinished container:Task{90311df #1000047 type=standard A=10514:com.example.launcher}
05-11 08:28:15.609 28857 28887 I BLASTSyncEngine: isActivitySyncFinished isSyncFinished false Task{90311df #1000047 type=standard A=10514:com.example.launcher}
05-11 08:28:15.615 28857 28887 D BarFollowAnimation: isAppTaskBarOnTop win:Window{d21786a u0 com.google.android.permissioncontroller/com.android.permissioncontroller.permission.ui.GrantPermissionsActivity} (mCurrentTopTask:Task{90311df #1000047 type=standard A=10514:com.example.launcher} : true); (mAssociatedTask:null : false); (mHomeTask:Task{49954d6 #1 type=home} : false); mReparentToOriginParent:true mLastAppBarVisible:false mLastHomeBarVisible:true
05-11 08:28:15.625 28857 28887 I BLASTSyncEngine: SyncGroup 205:  Unfinished container:Task{90311df #1000047 type=standard A=10514:com.example.launcher}
05-11 08:28:15.625 28857 28887 I BLASTSyncEngine: isActivitySyncFinished isSyncFinished false Task{90311df #1000047 type=standard A=10514:com.example.launcher}
05-11 08:28:15.644 28857 29913 D MiuiFreeFormGestureController: deliverResultForFinishActivity resultTo: ActivityRecord{122063417 u0 com.example.launcher/.MainActivity t1000047} resultFrom: ActivityRecord{232387964 u0 com.google.android.permissioncontroller/com.android.permissioncontroller.permission.ui.GrantPermissionsActivity t1000047 f}} isInVideoOrGameScene: false intent: Intent { act=android.content.pm.action.REQUEST_PERMISSIONS flg=0x800000 xflg=0x4 pkg=com.google.android.permissioncontroller cmp=com.google.android.permissioncontroller/com.android.permissioncontroller.permission.ui.GrantPermissionsActivity (has extras) }
05-11 08:28:15.658 28857 29913 D Transition: setReady 205 wc=Task{90311df #1000047 type=standard A=10514:com.example.launcher} ready=false
05-11 08:28:15.658 28857 29913 D WindowManager:    ChangeInfo{e0a0073 container=ActivityRecord{122063417 u0 com.example.launcher/.MainActivity t1000047} flags=0x0}
05-11 08:28:15.658 28857 29913 D WindowManager:    ChangeInfo{7fa30cf container=Task{90311df #1000047 type=standard A=10514:com.example.launcher} flags=0x0}
05-11 08:28:15.659 28857 29913 I PowerHalWrapper: <amsBoostResume> last:com.google.android.permissioncontroller, next:com.example.launcherhasATProcess:true 
05-11 08:28:15.665 28857 29913 D BarFollowAnimation: isAppTaskBarOnTop win:Window{d21786a u0 com.google.android.permissioncontroller/com.android.permissioncontroller.permission.ui.GrantPermissionsActivity} (mCurrentTopTask:Task{90311df #1000047 type=standard A=10514:com.example.launcher} : true); (mAssociatedTask:null : false); (mHomeTask:Task{49954d6 #1 type=home} : false); mReparentToOriginParent:true mLastAppBarVisible:false mLastHomeBarVisible:true
05-11 08:28:15.677 28857 28887 D BarFollowAnimation: isAppTaskBarOnTop win:Window{d21786a u0 com.google.android.permissioncontroller/com.android.permissioncontroller.permission.ui.GrantPermissionsActivity} (mCurrentTopTask:Task{90311df #1000047 type=standard A=10514:com.example.launcher} : true); (mAssociatedTask:null : false); (mHomeTask:Task{49954d6 #1 type=home} : false); mReparentToOriginParent:true mLastAppBarVisible:false mLastHomeBarVisible:true
05-11 08:28:15.695 28857 29908 D WindowManager: Collecting in transition 205: ActivityRecord{122063417 u0 com.example.launcher/.MainActivity t1000047} init visibleRequested:true dc:Display{#0 state=ON size=720x1640 ROTATION_0}
05-11 08:28:15.701 28857 29908 D BarFollowAnimation: isAppTaskBarOnTop win:Window{1cdeb6e u0 com.miui.home/com.miui.home.launcher.Launcher} (mCurrentTopTask:Task{90311df #1000047 type=standard A=10514:com.example.launcher} : true); (mAssociatedTask:null : false); (mHomeTask:Task{49954d6 #1 type=home} : false); mReparentToOriginParent:true mLastAppBarVisible:false mLastHomeBarVisible:true
05-11 08:28:15.715 28857 29908 I PowerHalWrapper: amsBoostNotify pid:6710,activity:com.example.launcher.MainActivity, package:com.example.launcher, mProcessCreatePackcom.google.android.permissioncontroller 
05-11 08:28:15.717 28857 29908 I ScnModule: [GameDetection] requestedPermissions1/1:: com.example.launcher:: [android.permission.QUERY_ALL_PACKAGES, android.permission.BIND_APPWIDGET, android.permission.READ_EXTERNAL_STORAGE, android.permission.READ_MEDIA_IMAGES, android.permission.READ_MEDIA_AUDIO, android.permission.SET_WALLPAPER, android.permission.RECORD_AUDIO, android.permission.ACCESS_FINE_LOCATION, android.permission.ACCESS_COARSE_LOCATION, android.permission.INTERNET, android.permission.READ_CALENDAR, android.permission.READ_CONTACTS, com.termux.permission.RUN_COMMAND, android.permission.USE_BIOMETRIC, android.permission.USE_FINGERPRINT, android.permission.ACCESS_NETWORK_STATE, com.example.launcher.DYNAMIC_RECEIVER_NOT_EXPORTED_PERMISSION, android.permission.READ_MEDIA_VISUAL_USER_SELECTED] 
05-11 08:28:15.717 28857 29908 I ScnModule: [GameDetection] numOfPermissiom:: com.example.launcher:: 18 
05-11 08:28:15.718 28857 29908 I ScnModule: [GameDetection] inputPermissions:: com.example.launcher:: [0.0, 0.0, 0.0, 1.0, 0.0, 0.0, 0.0, 1.0, 0.0, 0.0, 1.0, 0.0, 0.0, 0.0, 1.0, 0.0, 0.0, 1.0, 0.0, 0.0, 0.0, 0.0, 0.0, 0.0, 1.0, 1.0, 0.0, 0.0, 0.0, 0.0, 1.0, 0.0, 0.0, 0.0, 1.0, 0.0, 0.0, 0.0, 0.0, 0.0, 0.0, 0.0, 1.0, 1.0, 0.0, 0.0, 0.0, 0.0, 0.0, 0.0, 0.0, 0.0, 0.0, 1.0, 0.0, 0.0, 1.0, 0.0, 0.0, 0.0, 0.0, 0.0, 0.0, 0.0, 0.0, 0.0, 1.0, 0.0, 0.0, 0.0, 0.0, 0.0, 0.0, 0.0, 0.0, 0.0, 0.0, 0.0, 0.0, 0.0, 0.0, 0.0, 0.0, 0.0, 0.0, 0.0, 0.0, 0.0, 0.0, 0.0, 0.0, 0.0, 0.0, 0.0, 0.0, 0.0, 0.0, 0.0, 0.0, 0.0, 0.0, 0.0, 0.0, 0.0, 0.0, 0.0, 0.0, 0.0, 0.0, 0.0, 0.0, 0.0, 0.0, 0.0, 0.0, 0.0, 0.0, 0.0, 0.0, 0.0, 0.0, 0.0, 0.0, 0.0, 0.0, 0.0, 0.0, 0.0, 0.0, 0.0, 0.0, 0.0, 0.0, 0.0, 0.0, 0.0, 0.0, 0.0, 0.0, 0.0, 0.0, 0.0, 0.0, 0.0, 0.0, 0.0, 0.0, 0.0, 0.0, 0.0, 0.0, 0.0, 0.0, 0.0, 0.0, 0.0, 0.0, 0.0, 0.0, 0.0, 0.0, 0.0, 0.0, 0.0, 0.0, 0.0, 0.0, 0.0, 0.0, 0.0, 0.0, 0.0, 0.0, 0.0, 0.0, 0.0, 0.0, 0.0, 0.0, 0.0, 0.0, 0.0, 0.0, 0.0, 0.0, 0.0, 0.0, 0.0, 0.0, 0.0, 0.0, 0.0, 0.0, 0.0, 0.0, 0.0, 0.0, 0.0, 0.0, 0.0] 
05-11 08:28:15.718 28857 29908 I ScnModule: [GameDetection] inputGameFeature:: com.example.launcher:: [-1.0774993, 0.0, 0.0, 0.0] 
05-11 08:28:15.718 28857 29908 I ScnModule: [GameDetection] GamePredictor:: com.example.launcher:: nonGame:57.9452,isGame:-60.6491 
05-11 08:28:15.718 28857 29908 I mtkpower_client: [PowerHal_Wrap_notifyAppState] com.example.launcher/com.example.launcher.MainActivity pid=6710 activityId:122063417 state:1
05-11 08:28:15.718   967   967 I vendor.mediatek.hardware.mtkpower_applist-service.mediatek: packName: com.example.launcher actName: com.example.launcher.MainActivity pid: 6710 activityId: 122063417 uid: 10514 state: 1
05-11 08:28:15.719   967   967 I MTK_APPList: [notifyAPPstate] com.example.launcher/com.example.launcher.MainActivity, pid=6710, activityId=122063417, uid=10514, state:RESUMED, fps:-1, win:0
05-11 08:28:15.719   967   967 I MTK_APPList: [notifyAPPstate] multi_resumed_app_info[1] com.example.launcher/com.example.launcher.MainActivity, pid:6710, activityId:122063417, fps:-1, isMultiWindow:0
05-11 08:28:15.719   967   967 I MTK_APPList: [notifyAPPstate] foreground:com.example.launcher, pid:6710, activityId:122063417, uid:10514
05-11 08:28:15.721   967   967 I MTK_APPList: [notifyAPPstate] pc:1, com.google.android.permissioncontroller => com.example.launcher
05-11 08:28:15.722 28857 29908 I PowerHalWrapper: amsBoostNotify pid:6710,activity:com.example.launcher.MainActivity, package:com.example.launcher, mProcessCreatePackcom.google.android.permissioncontroller 
05-11 08:28:15.723 28857 29908 I ScnModule: [GameDetection] requestedPermissions1/1:: com.example.launcher:: [android.permission.QUERY_ALL_PACKAGES, android.permission.BIND_APPWIDGET, android.permission.READ_EXTERNAL_STORAGE, android.permission.READ_MEDIA_IMAGES, android.permission.READ_MEDIA_AUDIO, android.permission.SET_WALLPAPER, android.permission.RECORD_AUDIO, android.permission.ACCESS_FINE_LOCATION, android.permission.ACCESS_COARSE_LOCATION, android.permission.INTERNET, android.permission.READ_CALENDAR, android.permission.READ_CONTACTS, com.termux.permission.RUN_COMMAND, android.permission.USE_BIOMETRIC, android.permission.USE_FINGERPRINT, android.permission.ACCESS_NETWORK_STATE, com.example.launcher.DYNAMIC_RECEIVER_NOT_EXPORTED_PERMISSION, android.permission.READ_MEDIA_VISUAL_USER_SELECTED] 
05-11 08:28:15.724 28857 29908 I ScnModule: [GameDetection] numOfPermissiom:: com.example.launcher:: 18 
05-11 08:28:15.724 28857 29908 I ScnModule: [GameDetection] inputPermissions:: com.example.launcher:: [0.0, 0.0, 0.0, 1.0, 0.0, 0.0, 0.0, 1.0, 0.0, 0.0, 1.0, 0.0, 0.0, 0.0, 1.0, 0.0, 0.0, 1.0, 0.0, 0.0, 0.0, 0.0, 0.0, 0.0, 1.0, 1.0, 0.0, 0.0, 0.0, 0.0, 1.0, 0.0, 0.0, 0.0, 1.0, 0.0, 0.0, 0.0, 0.0, 0.0, 0.0, 0.0, 1.0, 1.0, 0.0, 0.0, 0.0, 0.0, 0.0, 0.0, 0.0, 0.0, 0.0, 1.0, 0.0, 0.0, 1.0, 0.0, 0.0, 0.0, 0.0, 0.0, 0.0, 0.0, 0.0, 0.0, 1.0, 0.0, 0.0, 0.0, 0.0, 0.0, 0.0, 0.0, 0.0, 0.0, 0.0, 0.0, 0.0, 0.0, 0.0, 0.0, 0.0, 0.0, 0.0, 0.0, 0.0, 0.0, 0.0, 0.0, 0.0, 0.0, 0.0, 0.0, 0.0, 0.0, 0.0, 0.0, 0.0, 0.0, 0.0, 0.0, 0.0, 0.0, 0.0, 0.0, 0.0, 0.0, 0.0, 0.0, 0.0, 0.0, 0.0, 0.0, 0.0, 0.0, 0.0, 0.0, 0.0, 0.0, 0.0, 0.0, 0.0, 0.0, 0.0, 0.0, 0.0, 0.0, 0.0, 0.0, 0.0, 0.0, 0.0, 0.0, 0.0, 0.0, 0.0, 0.0, 0.0, 0.0, 0.0, 0.0, 0.0, 0.0, 0.0, 0.0, 0.0, 0.0, 0.0, 0.0, 0.0, 0.0, 0.0, 0.0, 0.0, 0.0, 0.0, 0.0, 0.0, 0.0, 0.0, 0.0, 0.0, 0.0, 0.0, 0.0, 0.0, 0.0, 0.0, 0.0, 0.0, 0.0, 0.0, 0.0, 0.0, 0.0, 0.0, 0.0, 0.0, 0.0, 0.0, 0.0, 0.0, 0.0, 0.0, 0.0, 0.0, 0.0, 0.0, 0.0, 0.0, 0.0, 0.0, 0.0, 0.0, 0.0, 0.0, 0.0, 0.0, 0.0] 
05-11 08:28:15.724 28857 29908 I ScnModule: [GameDetection] inputGameFeature:: com.example.launcher:: [-1.0774993, 0.0, 0.0, 0.0] 
05-11 08:28:15.724 28857 29908 I ScnModule: [GameDetection] GamePredictor:: com.example.launcher:: nonGame:57.9452,isGame:-60.6491 
05-11 08:28:15.724 28857 29908 I mtkpower_client: [PowerHal_Wrap_notifyAppState] com.example.launcher/com.example.launcher.MainActivity pid=6710 activityId:122063417 state:1
05-11 08:28:15.724   967   967 I vendor.mediatek.hardware.mtkpower_applist-service.mediatek: packName: com.example.launcher actName: com.example.launcher.MainActivity pid: 6710 activityId: 122063417 uid: 10514 state: 1
05-11 08:28:15.724   967   967 I MTK_APPList: [notifyAPPstate] com.example.launcher/com.example.launcher.MainActivity, pid=6710, activityId=122063417, uid=10514, state:RESUMED, fps:-1, win:1
05-11 08:28:15.724   967   967 I MTK_APPList: [notifyAPPstate] multi_resumed_app_info[1] com.example.launcher/com.example.launcher.MainActivity, pid:6710, activityId:122063417, fps:-1, isMultiWindow:1
05-11 08:28:15.724   967   967 I MTK_APPList: [notifyAPPstate] foreground:com.example.launcher, pid:6710, activityId:122063417, uid:10514
05-11 08:28:15.726   967   967 I MTK_APPList: [notifyAPPstate] act com.miui.home.launcher.Launcher => com.example.launcher.MainActivity
05-11 08:28:15.737 28857 29908 D BarFollowAnimation: onTaskInfoChanedForCaptionBar Task{90311df #1000047 type=standard A=10514:com.example.launcher} shouldbeVisible:true isVisible:false isOnTop:true windowMode:1 preDisplayId:-1 displayId:0 mCaptionAssociatedTask:null mIsTouchedInCaption:false
05-11 08:28:15.737 28857 29908 D BarFollowAnimation: onTaskInfoChanedForCaptionBar Task{90311df #1000047 type=standard A=10514:com.example.launcher} shouldbeVisible:true isVisible:false isOnTop:true windowMode:1 preDisplayId:-1 displayId:0 mCaptionAssociatedTask:null mIsTouchedInCaption:false
05-11 08:28:15.739 28857 29908 D AurogonImmobulusMode: launch app processName = com.example.launcher uid = 10514
05-11 08:28:15.742 28857 29908 D WindowManager:    ChangeInfo{e0a0073 container=ActivityRecord{122063417 u0 com.example.launcher/.MainActivity t1000047} flags=0x0}
05-11 08:28:15.742 28857 29908 D WindowManager:    ChangeInfo{7fa30cf container=Task{90311df #1000047 type=standard A=10514:com.example.launcher} flags=0x0}
05-11 08:28:15.754 28857 29908 D BarFollowAnimation: isAppTaskBarOnTop win:Window{1cdeb6e u0 com.miui.home/com.miui.home.launcher.Launcher} (mCurrentTopTask:Task{90311df #1000047 type=standard A=10514:com.example.launcher} : true); (mAssociatedTask:null : false); (mHomeTask:Task{49954d6 #1 type=home} : false); mReparentToOriginParent:true mLastAppBarVisible:false mLastHomeBarVisible:true
05-11 08:28:15.758 28857 29908 I BLASTSyncEngine: SyncGroup 205:  Unfinished container:Task{90311df #1000047 type=standard A=10514:com.example.launcher}
05-11 08:28:15.758 28857 29908 I BLASTSyncEngine: isActivitySyncFinished isSyncFinished false Task{90311df #1000047 type=standard A=10514:com.example.launcher}
05-11 08:28:15.759 28857 30014 D CoreBackPreview: Window{5de9c35 u0 com.example.launcher/com.example.launcher.MainActivity}: Setting back callback OnBackInvokedCallbackInfo{mCallback=android.window.IOnBackInvokedCallback$Stub$Proxy@d2ad6a6, mPriority=0, mIsAnimationCallback=false, mOverrideBehavior=0}
05-11 08:28:15.793 28857 29218 D EventReceiver: foregroundChange uid  uid=10514 pkg=com.example.launcher
05-11 08:28:15.794  3345  3355 D PerfEngineController: ForegroundInfo{mForegroundPackageName='com.example.launcher', mForegroundUid=10514, mForegroundPid=6710, mForegroundDisplayId=0, mLastForegroundPackageName='com.google.android.permissioncontroller', mLastForegroundUid=10250, mLastForegroundPid=7062, mLastForegroundDisplayId=0, mMultiWindowForegroundPackageName='com.example.launcher', mMultiWindowForegroundUid=10514, mFlags=0}
05-11 08:28:15.794 32677  2227 I ProcessMonitor: onForegroundInfoChanged: ForegroundInfo{mForegroundPackageName='com.example.launcher', mForegroundUid=10514, mForegroundPid=6710, mForegroundDisplayId=0, mLastForegroundPackageName='com.google.android.permissioncontroller', mLastForegroundUid=10250, mLastForegroundPid=7062, mLastForegroundDisplayId=0, mMultiWindowForegroundPackageName='com.example.launcher', mMultiWindowForegroundUid=10514, mFlags=0}
05-11 08:28:15.795 29751 22710 D RecentsImpl: onForegroundChanged, foregroundPackageName=com.example.launcher
05-11 08:28:15.803 32677  2227 I GameBoosterService: onForegroundInfoChanged: Cur=com.example.launcher	 last=com.google.android.permissioncontroller
05-11 08:28:15.803 32677  2227 D GameBoosterService: onGameStatusChange foreground:ForegroundInfo{mForegroundPackageName='com.example.launcher', mForegroundUid=10514, mForegroundPid=6710, mForegroundDisplayId=0, mLastForegroundPackageName='com.google.android.permissioncontroller', mLastForegroundUid=10250, mLastForegroundPid=7062, mLastForegroundDisplayId=0, mMultiWindowForegroundPackageName='com.example.launcher', mMultiWindowForegroundUid=10514, mFlags=0}
05-11 08:28:15.867 28857 31571 D BarFollowAnimation: isAppTaskBarOnTop win:Window{1cdeb6e u0 com.miui.home/com.miui.home.launcher.Launcher} (mCurrentTopTask:Task{90311df #1000047 type=standard A=10514:com.example.launcher} : true); (mAssociatedTask:null : false); (mHomeTask:Task{49954d6 #1 type=home} : false); mReparentToOriginParent:true mLastAppBarVisible:false mLastHomeBarVisible:true
05-11 08:28:15.871 28857 31571 I BLASTSyncEngine: SyncGroup 205:  Unfinished container:Task{90311df #1000047 type=standard A=10514:com.example.launcher}
05-11 08:28:15.871 28857 31571 I BLASTSyncEngine: isActivitySyncFinished isSyncFinished false Task{90311df #1000047 type=standard A=10514:com.example.launcher}
05-11 08:28:15.872 29738 29738 D KeyguardEditorHelper: onTopActivityMayChanged, topActivity=ComponentInfo{com.example.launcher/com.example.launcher.MainActivity}; mState=IDEL
05-11 08:28:15.874 28857 31571 D BarFollowAnimation: isAppTaskBarOnTop win:Window{5de9c35 u0 com.example.launcher/com.example.launcher.MainActivity} (mCurrentTopTask:Task{90311df #1000047 type=standard A=10514:com.example.launcher} : true); (mAssociatedTask:null : false); (mHomeTask:Task{49954d6 #1 type=home} : false); mReparentToOriginParent:true mLastAppBarVisible:false mLastHomeBarVisible:true
05-11 08:28:15.883 28857 31571 D WindowManager: updateSystemBarAttributes displayId: 16777216 Window{5de9c35 u0 com.example.launcher/com.example.launcher.MainActivity} winAppearance=
05-11 08:28:15.883 28857 31571 D WindowManager: wms.Input focus has changed to Window{5de9c35 u0 com.example.launcher/com.example.launcher.MainActivity} display=0 updateInputWindows = true
05-11 08:28:15.888 28857 28884 D WmSystemUiDebug: on system bar attributes changed displayId=16777216 appearance= appearanceRegions=[AppearanceRegion{ bounds=[0,0][720,1640]}] navbarColorManagedByIme=false behavior=1 requestedVisibleTypes=[statusBars navigationBars captionBar systemGestures mandatorySystemGestures tappableElement displayCutout windowDecor systemOverlays] packageName=com.example.launcher letterboxDetails=[]
05-11 08:28:15.889 29751 30408 W RecentsModel: getRunningTask   taskInfo=TaskInfo{userId=0 taskId=1000047 effectiveUid=10514 displayId=0 isRunning=true baseIntent=Intent { act=android.intent.action.MAIN cat=[android.intent.category.LAUNCHER] flg=0x10200000 cmp=com.example.launcher/.MainActivity } baseActivity=ComponentInfo{com.example.launcher/com.example.launcher.MainActivity} topActivity=ComponentInfo{com.example.launcher/com.example.launcher.MainActivity} origActivity=null realActivity=ComponentInfo{com.example.launcher/com.example.launcher.MainActivity} numActivities=1 lastActiveTime=780213978 supportsSplitScreenMultiWindow=true mSoScDisplayMode=-1 supportsMultiWindow=true resizeMode=1 isResizeable=true minWidth=-1 minHeight=-1 defaultMinSize=200 token=WCT{android.window.IWindowContainerToken$Stub$Proxy@2b7e99} topActivityType=1 pictureInPictureParams=null shouldDockBigOverlays=false launchIntoPipHostTaskId=-1 lastParentTaskIdBeforePip=-1 displayCutoutSafeInsets=Rect(0, 0 - 0, 0) topActivityInfo=ActivityInfo{66db55e com.example.launcher.MainActivity} launchCookies=[] positionInParent=Point(0, 0) parentTaskId=-1 isFocused=true isVisible=false isVisibleRequested=true isTopActivityNoDisplay=false isSleeping=false locusId=null displayAreaFeatureId=1 isTopActivityTransparent=false isActivityStackTransparent=false lastNonFullscreenBounds=Rect(189, 465 - 531, 1185) capturedLink=null capturedLinkTimestamp=0 requestedVisibleTypes=-9 topActivityRequestOpenInBrowserEducationTimestamp=0 appCompatTaskInfo=AppCompatTaskInfo { topActivityInSizeCompat=false eligibleForLetterboxEducation= false topActivityInMiuiSizeCompat=false isLetterboxEducationEnabled= false isLetterboxDoubleTapEnabled= false eligibleForUserAspectRatioButton= false topActivityBoundsLetterboxed= false isFromLetterboxDoubleTap= false topActivityLetterboxVerticalPosition= -1 topActivityLetterboxHorizontalPosition= -1 topActivityLetterboxWidth=-1 topActivityLetterboxHeight=-1 topActivityAppBounds=Rect(0, 68 - 720, 1583) isUserFullscreenOverrideEnabled=false isSystemFullscreenOverrideEnabled=false hasMinAspectRatioOverride=false topActivityLetterboxBounds=null cameraCompatTaskInfo=CameraCompatTaskInfo { freeformCameraCompatMode=inactive}} isImmersive=false mTopActivityRequestOrientation=-1 mStatusBarParent=null mNavBarParent=null mBehindAppLockPkg=null mOriginatingUid=0 isEmbedded=false shouldBeVisible=true isCreatedByOrganizer=false mIsCastMode=false mTopActivityMediaSize=null mTopActivityRecordName=ActivityRecord{122063417 u0 com.example.launcher/.MainActivity t1000047} mTopActivityOrientation=-1 topActivityMainWindowFrame=null}
05-11 08:28:15.890 28857 28887 D SurfaceComposerClient: Transaction::apply InputWindowCommands.focusRequests timestamp=562808436965235, windowName=5de9c35 com.example.launcher/com.example.launcher.MainActivity
05-11 08:28:15.893 28857 28887 V WindowManager: New wallpaper target: Window{5de9c35 u0 com.example.launcher/com.example.launcher.MainActivity} prevTarget: Window{1cdeb6e u0 com.miui.home/com.miui.home.launcher.Launcher} caller=com.android.server.wm.WallpaperController.adjustWallpaperWindows:1013 com.android.server.wm.DisplayContent.applySurfaceChangesTransaction:5563 com.android.server.wm.RootWindowContainer.applySurfaceChangesTransaction:1048 com.android.server.wm.RootWindowContainer.performSurfacePlacementNoTrace:900 com.android.server.wm.RootWindowContainer.performSurfacePlacement:863 
05-11 08:28:15.894 28857 28887 D WindowManager: Wallpaper target=Window{5de9c35 u0 com.example.launcher/com.example.launcher.MainActivity} prev=null
05-11 08:28:15.901 28857 28887 D BarFollowAnimation: isAppTaskBarOnTop win:Window{5de9c35 u0 com.example.launcher/com.example.launcher.MainActivity} (mCurrentTopTask:Task{90311df #1000047 type=standard A=10514:com.example.launcher} : true); (mAssociatedTask:null : false); (mHomeTask:Task{49954d6 #1 type=home} : false); mReparentToOriginParent:true mLastAppBarVisible:false mLastHomeBarVisible:true
05-11 08:28:15.901 28857 29355 I ShortcutService: Detected launcher: com.miui.home user: 0 from callingPackage: com.example.launcher u1000/28857
05-11 08:28:15.905  6710  6710 I ForceDarkHelperStubImpl: setViewRootImplForceDark: false for com.example.launcher.MainActivity@2b1ae96, reason: DarkModeEnabled
05-11 08:28:15.906 28857 28887 I BLASTSyncEngine: SyncGroup 205:  Unfinished container:Task{90311df #1000047 type=standard A=10514:com.example.launcher}
05-11 08:28:15.906 28857 28887 I BLASTSyncEngine: isActivitySyncFinished isSyncFinished false Task{90311df #1000047 type=standard A=10514:com.example.launcher}
05-11 08:28:15.909 29751 30408 E ActivityManagerWrapper:  mainTaskId=1000047   userId=0   windowMode=1   isExcludedFromRecents=false   baseIntent=Intent { act=android.intent.action.MAIN flag=270532608 cmp=ComponentInfo{com.example.launcher/com.example.launcher.MainActivity} }
05-11 08:28:15.914 29751 30408 D RecentsTaskLoader: reloadTasksData [TaskKey{id=1000047, stackId=0, baseIntent=Intent { act=android.intent.action.MAIN cat=[android.intent.category.LAUNCHER] flg=0x10200000 cmp=com.example.launcher/.MainActivity }, userId=0, lastActiveTime=780213785, windowingMode=1, isThumbnailBlur=false, isAccessLocked=false, isScreening=false, topActivity=ComponentInfo{com.example.launcher/com.example.launcher.MainActivity}, mHashCode=-271447343}, title=V-launcher, titleDescription=V-launcher, bounds=null, isLaunchTarget=true, isStackTask=true, isSystemApp=false, isDockable=true, baseActivity=ComponentInfo{com.example.launcher/com.example.launcher.MainActivity}, isLocked=false, mNeedHide=false, hasMultipleTasks=false, cti1Key=, cti2Key=, cti1Task=, cti2Task=] 
05-11 08:28:15.916  1020  1523 D SurfaceFlinger: updateWinowInfo=1, setFocusedWindow timestamp=562808436965235, windowName=5de9c35 com.example.launcher/com.example.launcher.MainActivity
05-11 08:28:15.922 29738 29738 D DynamicIslandTopActivityController: fullscreen: com.example.launcher
05-11 08:28:15.922 29738 29738 D DynamicIslandController: onTopActivityChanged: ComponentInfo{com.example.launcher/com.example.launcher.MainActivity}
05-11 08:28:15.923 29738 29738 D DynamicIslandWindowViewController: onTopActivityChange: topActivity ComponentInfo{com.example.launcher/com.example.launcher.MainActivity}, inSmallWindow false, isSupportPip false, isFocus true fullScreenPkg com.example.launcher
05-11 08:28:15.923 29738 29738 D DynamicIslandSafeguardsController: cancelDelayEnterApp com.example.launcher null
05-11 08:28:15.923 29738 29738 D DynamicIslandSafeguardsController: cancelDelayEnterMiniWindow com.example.launcher com.example.launcher null
05-11 08:28:15.923 29738 29738 D DynamicIslandSafeguardsController: cancelDelayExitApp com.example.launcher com.google.android.permissioncontroller
05-11 08:28:15.923 29738 29738 D DynamicIslandSafeguardsController: delayExitApp com.example.launcher
05-11 08:28:15.923 29738 29738 D DynamicIslandSafeguardsController: cancelDelayExitApp com.example.launcher com.example.launcher
05-11 08:28:16.074 29738 29738 D DynamicIslandSafeguardsController: delayExitApp: com.example.launcher com.example.launcher count = 0
05-11 08:28:16.138 28857 29908 D WindowManager: wms.finishDrawingLocked: mDrawState=COMMIT_DRAW_PENDING Window{5de9c35 u0 com.example.launcher/com.example.launcher.MainActivity} in Surface(name=com.example.launcher/com.example.launcher.MainActivity#169864)/@0xdaebc48
05-11 08:28:16.140 28857 28887 D WindowManager: Wallpaper target=Window{5de9c35 u0 com.example.launcher/com.example.launcher.MainActivity} prev=null
05-11 08:28:16.145 28857 28887 D BarFollowAnimation: isAppTaskBarOnTop win:Window{5de9c35 u0 com.example.launcher/com.example.launcher.MainActivity} (mCurrentTopTask:Task{90311df #1000047 type=standard A=10514:com.example.launcher} : true); (mAssociatedTask:null : false); (mHomeTask:Task{49954d6 #1 type=home} : false); mReparentToOriginParent:true mLastAppBarVisible:false mLastHomeBarVisible:true
05-11 08:28:16.149 28857 28887 D WindowManager: wms.commitFinishDrawingLocked: mDrawState=READY_TO_SHOW Window{5de9c35 u0 com.example.launcher/com.example.launcher.MainActivity} in Surface(name=com.example.launcher/com.example.launcher.MainActivity#169864)/@0xdaebc48
05-11 08:28:16.151 28857 28887 D BarFollowAnimation: onTaskAppearedForCaptionBar Task{90311df #1000047 type=standard A=10514:com.example.launcher}
05-11 08:28:16.151 28857 28887 I SmartPower: com.example.launcher/10514(6710): invisible->visible(4051ms) R(become visible) adj=0.
05-11 08:28:16.151 28857 28887 D BarFollowAnimation: onTaskInfoChanedForCaptionBar Task{90311df #1000047 type=standard A=10514:com.example.launcher} shouldbeVisible:true isVisible:true isOnTop:true windowMode:1 preDisplayId:-1 displayId:0 mCaptionAssociatedTask:null mIsTouchedInCaption:false
